<html>
<body>
<pre>
<h1>µVision Build Log</h1>
<h2>Tool Versions:</h2>
IDE-Version: ¦ÌVision V5.25.3.0
Copyright (C) 2018 ARM Ltd and ARM Germany GmbH. All rights reserved.
License Information: liom 2012221925@qq.com, liom, LIC=TA3Y8-3WJJA-WIA5K-Z0SUE-0YQS1-3BVPN
 
Tool Versions:
Toolchain:       MDK-ARM Professional  Version: 5.18
Toolchain Path:  D:\software\Keil MDK\ARM\ARMCC\Bin
C Compiler:      Armcc.exe V5.06 update 1 (build 61)
Assembler:       Armasm.exe V5.06 update 1 (build 61)
Linker/Locator:  ArmLink.exe V5.06 update 1 (build 61)
Library Manager: ArmAr.exe V5.06 update 1 (build 61)
Hex Converter:   FromElf.exe V5.06 update 1 (build 61)
CPU DLL:         SARMCM3.DLL V5.18
Dialog DLL:      DCM.DLL V1.13.6.0
Target DLL:      STLink\ST-LINKIII-KEIL_SWO.dll V2.0.18.0
Dialog DLL:      TCM.DLL V1.14.8.0
 
<h2>Project:</h2>
D:\×ÀÃæ\xiaobaiSTM32\USER\LED.uvprojx
Project File Date:  12/27/2020

<h2>Output:</h2>
*** Using Compiler 'V5.06 update 1 (build 61)', folder: 'D:\software\Keil MDK\ARM\ARMCC\Bin'
Rebuild target 'LED'
compiling beep.c...
compiling dht11.c...
compiling oled.c...
compiling delay.c...
compiling main.c...
compiling system_stm32f10x.c...
compiling usart.c...
compiling key.c...
compiling bh1750.c...
compiling stm32f10x_it.c...
compiling led.c...
assembling startup_stm32f10x_hd.s...
compiling stm32f10x_exti.c...
compiling exti.c...
compiling stm32f10x_rcc.c...
compiling stm32f10x_tim.c...
compiling stm32f10x_gpio.c...
compiling sys.c...
compiling misc.c...
compiling esp8266.c...
compiling MqttKit.c...
compiling timer.c...
compiling stm32f10x_usart.c...
compiling onenet.c...
compiling cJSON.c...
..\NET\cJSON\cJSON.c(55): warning:  #1293-D: assignment in condition
        if (!(copy = (char*)cJSON_malloc(len))) return 0;
..\NET\cJSON\cJSON.c(278): warning:  #1293-D: assignment in condition
  	ptr=str;while ((token=*ptr) && ++len) {if (strchr("\"\\\b\f\n\r\t",token)) len++; else if (token<32) len+=5;ptr++;}
..\NET\cJSON\cJSON.c(352): warning:  #111-D: statement is unreachable
  	return p.buffer;
..\NET\cJSON\cJSON.c(423): warning:  #1293-D: assignment in condition
  		if (!(new_item=cJSON_New_Item())) return 0; 	/* memory fail */
..\NET\cJSON\cJSON.c(535): warning:  #1293-D: assignment in condition
  		if (!(new_item=cJSON_New_Item()))	return 0; /* memory fail */
..\NET\cJSON\cJSON.c: 5 warnings, 0 errors
compiling core_cm3.c...
linking...
Program Size: Code=40724 RO-data=7120 RW-data=80 ZI-data=3192  
FromELF: creating hex file...
"..\OBJ\LED.axf" - 0 Error(s), 5 Warning(s).

<h2>Software Packages used:</h2>

Package Vendor: Keil
                http://www.keil.com/pack/Keil.STM32F1xx_DFP.2.3.0.pack
                Keil.STM32F1xx_DFP.2.3.0
                STMicroelectronics STM32F1 Series Device Support, Drivers and Examples

<h2>Collection of Component include folders:</h2>
  .\RTE\_LED
  D:\software\Keil MDK\ARM\PACK\Keil\STM32F1xx_DFP\2.3.0\Device\Include

<h2>Collection of Component Files used:</h2>
Build Time Elapsed:  00:00:03
</pre>
</body>
</html>
