Component: ARM Compiler 5.06 update 1 (build 61) Tool: armlink [4d35a8]

==============================================================================

Section Cross References

    main.o(.text) refers to _printf_percent.o(.ARM.Collect$$_printf_percent$$00000000) for _printf_percent
    main.o(.text) refers to _printf_d.o(.ARM.Collect$$_printf_percent$$00000009) for _printf_d
    main.o(.text) refers to _printf_f.o(.ARM.Collect$$_printf_percent$$00000003) for _printf_f
    main.o(.text) refers to _printf_dec.o(.text) for _printf_int_dec
    main.o(.text) refers to printf1.o(x$fpl$printf1) for _printf_fp_dec
    main.o(.text) refers to delay.o(.text) for delay_init
    main.o(.text) refers to misc.o(.text) for NVIC_PriorityGroupConfig
    main.o(.text) refers to led.o(.text) for LED_Init
    main.o(.text) refers to key.o(.text) for KEY_Init
    main.o(.text) refers to exti.o(.text) for EXTIX_Init
    main.o(.text) refers to beep.o(.text) for BEEP_Init
    main.o(.text) refers to dht11.o(.text) for DHT11_Init
    main.o(.text) refers to bh1750.o(.text) for BH1750_Init
    main.o(.text) refers to usart.o(.text) for Usart1_Init
    main.o(.text) refers to oled.o(.text) for OLED_Init
    main.o(.text) refers to timer.o(.text) for TIM2_Int_Init
    main.o(.text) refers to esp8266.o(.text) for ESP8266_Init
    main.o(.text) refers to onenet.o(.text) for OneNet_DevLink
    main.o(.text) refers to f2d.o(x$fpl$f2d) for __aeabi_f2d
    main.o(.text) refers to fleqf.o(x$fpl$fleqf) for __aeabi_cfcmple
    main.o(.text) refers to __2sprintf.o(.text) for __2sprintf
    main.o(.text) refers to main.o(.data) for devSubTopic
    main.o(.text) refers to main.o(.bss) for PUB_BUF
    main.o(.text) refers to main.o(.constdata) for devPubTopic
    main.o(.data) refers to main.o(.conststring) for .conststring
    system_stm32f10x.o(.text) refers to system_stm32f10x.o(.data) for SystemCoreClock
    led.o(.text) refers to stm32f10x_rcc.o(.text) for RCC_APB2PeriphClockCmd
    led.o(.text) refers to stm32f10x_gpio.o(.text) for GPIO_Init
    beep.o(.text) refers to stm32f10x_rcc.o(.text) for RCC_APB2PeriphClockCmd
    beep.o(.text) refers to stm32f10x_gpio.o(.text) for GPIO_Init
    bh1750.o(.text) refers to stm32f10x_rcc.o(.text) for RCC_APB2PeriphClockCmd
    bh1750.o(.text) refers to stm32f10x_gpio.o(.text) for GPIO_Init
    bh1750.o(.text) refers to fflt_clz.o(x$fpl$ffltu) for __aeabi_ui2f
    bh1750.o(.text) refers to fdiv.o(x$fpl$fdiv) for __aeabi_fdiv
    bh1750.o(.text) refers to fmul.o(x$fpl$fmul) for __aeabi_fmul
    dht11.o(.text) refers to delay.o(.text) for delay_ms
    dht11.o(.text) refers to stm32f10x_rcc.o(.text) for RCC_APB2PeriphClockCmd
    dht11.o(.text) refers to stm32f10x_gpio.o(.text) for GPIO_Init
    key.o(.text) refers to stm32f10x_rcc.o(.text) for RCC_APB2PeriphClockCmd
    key.o(.text) refers to stm32f10x_gpio.o(.text) for GPIO_Init
    key.o(.text) refers to delay.o(.text) for delay_ms
    key.o(.text) refers to key.o(.data) for key_up
    oled.o(.text) refers to stm32f10x_gpio.o(.text) for GPIO_SetBits
    oled.o(.text) refers to oled.o(.bss) for OLED_GRAM
    oled.o(.text) refers to oled.o(.constdata) for asc2_1206
    oled.o(.text) refers to stm32f10x_rcc.o(.text) for RCC_APB2PeriphClockCmd
    delay.o(.text) refers to misc.o(.text) for SysTick_CLKSourceConfig
    delay.o(.text) refers to system_stm32f10x.o(.data) for SystemCoreClock
    delay.o(.text) refers to delay.o(.data) for fac_us
    usart.o(.text) refers to stm32f10x_rcc.o(.text) for RCC_APB2PeriphClockCmd
    usart.o(.text) refers to stm32f10x_gpio.o(.text) for GPIO_Init
    usart.o(.text) refers to stm32f10x_usart.o(.text) for USART_Init
    usart.o(.text) refers to misc.o(.text) for NVIC_Init
    usart.o(.text) refers to c89vsnprintf.o(.text) for __c89vsnprintf
    timer.o(.text) refers to _printf_percent.o(.ARM.Collect$$_printf_percent$$00000000) for _printf_percent
    timer.o(.text) refers to _printf_d.o(.ARM.Collect$$_printf_percent$$00000009) for _printf_d
    timer.o(.text) refers to _printf_dec.o(.text) for _printf_int_dec
    timer.o(.text) refers to _printf_f.o(.ARM.Collect$$_printf_percent$$00000003) for _printf_f
    timer.o(.text) refers to printf1.o(x$fpl$printf1) for _printf_fp_dec
    timer.o(.text) refers to stm32f10x_rcc.o(.text) for RCC_APB1PeriphClockCmd
    timer.o(.text) refers to stm32f10x_tim.o(.text) for TIM_TimeBaseInit
    timer.o(.text) refers to misc.o(.text) for NVIC_Init
    timer.o(.text) refers to __2sprintf.o(.text) for __2sprintf
    timer.o(.text) refers to oled.o(.text) for OLED_ShowString
    timer.o(.text) refers to f2d.o(x$fpl$f2d) for __aeabi_f2d
    timer.o(.text) refers to main.o(.data) for alarmFlag
    timer.o(.text) refers to timer.o(.bss) for oledBuf
    exti.o(.text) refers to stm32f10x_rcc.o(.text) for RCC_APB2PeriphClockCmd
    exti.o(.text) refers to key.o(.text) for KEY_Init
    exti.o(.text) refers to stm32f10x_gpio.o(.text) for GPIO_EXTILineConfig
[...]
    OLED_ClearPoint                          0x08000e35   Thumb Code    90  oled.o(.text)
    OLED_DrawCircle                          0x08000e8f   Thumb Code   152  oled.o(.text)
    OLED_ShowChar                            0x08000f27   Thumb Code   240  oled.o(.text)
    OLED_ShowString                          0x08001017   Thumb Code    88  oled.o(.text)
    OLED_Pow                                 0x0800106f   Thumb Code    22  oled.o(.text)
    OLED_ShowNum                             0x08001085   Thumb Code   116  oled.o(.text)
    OLED_WR_BP                               0x080010f9   Thumb Code    46  oled.o(.text)
    OLED_ShowPicture                         0x08001127   Thumb Code    98  oled.o(.text)
    OLED_Init                                0x08001189   Thumb Code   274  oled.o(.text)
    delay_init                               0x080012a1   Thumb Code    50  delay.o(.text)
    delay_us                                 0x080012d3   Thumb Code    72  delay.o(.text)
    delay_ms                                 0x0800131b   Thumb Code    72  delay.o(.text)
    Usart1_Init                              0x08001375   Thumb Code   166  usart.o(.text)
    Usart2_Init                              0x0800141b   Thumb Code   162  usart.o(.text)
    Usart_SendString                         0x080014bd   Thumb Code    50  usart.o(.text)
    UsartPrintf                              0x080014ef   Thumb Code    72  usart.o(.text)
    USART1_IRQHandler                        0x08001537   Thumb Code    24  usart.o(.text)
    TIM3_Int_Init                            0x0800155d   Thumb Code    90  timer.o(.text)
    TIM3_IRQHandler                          0x080015b7   Thumb Code    76  timer.o(.text)
    TIM2_Int_Init                            0x08001603   Thumb Code    92  timer.o(.text)
    TIM2_IRQHandler                          0x0800165f   Thumb Code   138  timer.o(.text)
    EXTIX_Init                               0x0800174d   Thumb Code   144  exti.o(.text)
    EXTI0_IRQHandler                         0x080017dd   Thumb Code    38  exti.o(.text)
    EXTI1_IRQHandler                         0x08001803   Thumb Code    46  exti.o(.text)
    Reset_Handler                            0x08001841   Thumb Code     8  startup_stm32f10x_hd.o(.text)
    ADC1_2_IRQHandler                        0x0800185b   Thumb Code     0  startup_stm32f10x_hd.o(.text)
    ADC3_IRQHandler                          0x0800185b   Thumb Code     0  startup_stm32f10x_hd.o(.text)
    CAN1_RX1_IRQHandler                      0x0800185b   Thumb Code     0  startup_stm32f10x_hd.o(.text)
    CAN1_SCE_IRQHandler                      0x0800185b   Thumb Code     0  startup_stm32f10x_hd.o(.text)
    DMA1_Channel1_IRQHandler                 0x0800185b   Thumb Code     0  startup_stm32f10x_hd.o(.text)
    DMA1_Channel2_IRQHandler                 0x0800185b   Thumb Code     0  startup_stm32f10x_hd.o(.text)
    DMA1_Channel3_IRQHandler                 0x0800185b   Thumb Code     0  startup_stm32f10x_hd.o(.text)
    DMA1_Channel4_IRQHandler                 0x0800185b   Thumb Code     0  startup_stm32f10x_hd.o(.text)
    DMA1_Channel5_IRQHandler                 0x0800185b   Thumb Code     0  startup_stm32f10x_hd.o(.text)
    DMA1_Channel6_IRQHandler                 0x0800185b   Thumb Code     0  startup_stm32f10x_hd.o(.text)
    DMA1_Channel7_IRQHandler                 0x0800185b   Thumb Code     0  startup_stm32f10x_hd.o(.text)
    DMA2_Channel1_IRQHandler                 0x0800185b   Thumb Code     0  startup_stm32f10x_hd.o(.text)
    DMA2_Channel2_IRQHandler                 0x0800185b   Thumb Code     0  startup_stm32f10x_hd.o(.text)
    DMA2_Channel3_IRQHandler                 0x0800185b   Thumb Code     0  startup_stm32f10x_hd.o(.text)
    DMA2_Channel4_5_IRQHandler               0x0800185b   Thumb Code     0  startup_stm32f10x_hd.o(.text)
    EXTI15_10_IRQHandler                     0x0800185b   Thumb Code     0  startup_stm32f10x_hd.o(.text)
    EXTI2_IRQHandler                         0x0800185b   Thumb Code     0  startup_stm32f10x_hd.o(.text)
    EXTI3_IRQHandler                         0x0800185b   Thumb Code     0  startup_stm32f10x_hd.o(.text)
    EXTI4_IRQHandler                         0x0800185b   Thumb Code     0  startup_stm32f10x_hd.o(.text)
    EXTI9_5_IRQHandler                       0x0800185b   Thumb Code     0  startup_stm32f10x_hd.o(.text)
    FLASH_IRQHandler                         0x0800185b   Thumb Code     0  startup_stm32f10x_hd.o(.text)
    FSMC_IRQHandler                          0x0800185b   Thumb Code     0  startup_stm32f10x_hd.o(.text)
    I2C1_ER_IRQHandler                       0x0800185b   Thumb Code     0  startup_stm32f10x_hd.o(.text)
    I2C1_EV_IRQHandler                       0x0800185b   Thumb Code     0  startup_stm32f10x_hd.o(.text)
    I2C2_ER_IRQHandler                       0x0800185b   Thumb Code     0  startup_stm32f10x_hd.o(.text)
    I2C2_EV_IRQHandler                       0x0800185b   Thumb Code     0  startup_stm32f10x_hd.o(.text)
    PVD_IRQHandler                           0x0800185b   Thumb Code     0  startup_stm32f10x_hd.o(.text)
    RCC_IRQHandler                           0x0800185b   Thumb Code     0  startup_stm32f10x_hd.o(.text)
    RTCAlarm_IRQHandler                      0x0800185b   Thumb Code     0  startup_stm32f10x_hd.o(.text)
    RTC_IRQHandler                           0x0800185b   Thumb Code     0  startup_stm32f10x_hd.o(.text)
    SDIO_IRQHandler                          0x0800185b   Thumb Code     0  startup_stm32f10x_hd.o(.text)
    SPI1_IRQHandler                          0x0800185b   Thumb Code     0  startup_stm32f10x_hd.o(.text)
    SPI2_IRQHandler                          0x0800185b   Thumb Code     0  startup_stm32f10x_hd.o(.text)
    SPI3_IRQHandler                          0x0800185b   Thumb Code     0  startup_stm32f10x_hd.o(.text)
    TAMPER_IRQHandler                        0x0800185b   Thumb Code     0  startup_stm32f10x_hd.o(.text)
    TIM1_BRK_IRQHandler                      0x0800185b   Thumb Code     0  startup_stm32f10x_hd.o(.text)
    TIM1_CC_IRQHandler                       0x0800185b   Thumb Code     0  startup_stm32f10x_hd.o(.text)
    TIM1_TRG_COM_IRQHandler                  0x0800185b   Thumb Code     0  startup_stm32f10x_hd.o(.text)
    TIM1_UP_IRQHandler                       0x0800185b   Thumb Code     0  startup_stm32f10x_hd.o(.text)
    TIM4_IRQHandler                          0x0800185b   Thumb Code     0  startup_stm32f10x_hd.o(.text)
    TIM5_IRQHandler                          0x0800185b   Thumb Code     0  startup_stm32f10x_hd.o(.text)
    TIM6_IRQHandler                          0x0800185b   Thumb Code     0  startup_stm32f10x_hd.o(.text)
    TIM7_IRQHandler                          0x0800185b   Thumb Code     0  startup_stm32f10x_hd.o(.text)
    TIM8_BRK_IRQHandler                      0x0800185b   Thumb Code     0  startup_stm32f10x_hd.o(.text)
    TIM8_CC_IRQHandler                       0x0800185b   Thumb Code     0  startup_stm32f10x_hd.o(.text)
    TIM8_TRG_COM_IRQHandler                  0x0800185b   Thumb Code     0  startup_stm32f10x_hd.o(.text)
    TIM8_UP_IRQHandler                       0x0800185b   Thumb Code     0  startup_stm32f10x_hd.o(.text)
    UART4_IRQHandler                         0x0800185b   Thumb Code     0  startup_stm32f10x_hd.o(.text)
    UART5_IRQHandler                         0x0800185b   Thumb Code     0  startup_stm32f10x_hd.o(.text)
    USART3_IRQHandler                        0x0800185b   Thumb Code     0  startup_stm32f10x_hd.o(.text)
    USBWakeUp_IRQHandler                     0x0800185b   Thumb Code     0  startup_stm32f10x_hd.o(.text)
    USB_HP_CAN1_TX_IRQHandler                0x0800185b   Thumb Code     0  startup_stm32f10x_hd.o(.text)
    USB_LP_CAN1_RX0_IRQHandler               0x0800185b   Thumb Code     0  startup_stm32f10x_hd.o(.text)
    WWDG_IRQHandler                          0x0800185b   Thumb Code     0  startup_stm32f10x_hd.o(.text)
    __user_initial_stackheap                 0x0800185d   Thumb Code     0  startup_stm32f10x_hd.o(.text)
    GPIO_DeInit                              0x08001881   Thumb Code   172  stm32f10x_gpio.o(.text)
    GPIO_AFIODeInit                          0x0800192d   Thumb Code    20  stm32f10x_gpio.o(.text)
    GPIO_Init                                0x08001941   Thumb Code   278  stm32f10x_gpio.o(.text)
    GPIO_StructInit                          0x08001a57   Thumb Code    16  stm32f10x_gpio.o(.text)
    GPIO_ReadInputDataBit                    0x08001a67   Thumb Code    18  stm32f10x_gpio.o(.text)
    GPIO_ReadInputData                       0x08001a79   Thumb Code     8  stm32f10x_gpio.o(.text)
    GPIO_ReadOutputDataBit                   0x08001a81   Thumb Code    18  stm32f10x_gpio.o(.text)
    GPIO_ReadOutputData                      0x08001a93   Thumb Code     8  stm32f10x_gpio.o(.text)
    GPIO_SetBits                             0x08001a9b   Thumb Code     4  stm32f10x_gpio.o(.text)
    GPIO_ResetBits                           0x08001a9f   Thumb Code     4  stm32f10x_gpio.o(.text)
    GPIO_WriteBit                            0x08001aa3   Thumb Code    10  stm32f10x_gpio.o(.text)
    GPIO_Write                               0x08001aad   Thumb Code     4  stm32f10x_gpio.o(.text)
    GPIO_PinLockConfig                       0x08001ab1   Thumb Code    18  stm32f10x_gpio.o(.text)
    GPIO_EventOutputConfig                   0x08001ac3   Thumb Code    26  stm32f10x_gpio.o(.text)
    GPIO_EventOutputCmd                      0x08001add   Thumb Code     6  stm32f10x_gpio.o(.text)
    GPIO_PinRemapConfig                      0x08001ae3   Thumb Code   138  stm32f10x_gpio.o(.text)
    GPIO_EXTILineConfig                      0x08001b6d   Thumb Code    66  stm32f10x_gpio.o(.text)
    GPIO_ETH_MediaInterfaceConfig            0x08001baf   Thumb Code     8  stm32f10x_gpio.o(.text)
    RCC_DeInit                               0x08001bdd   Thumb Code    64  stm32f10x_rcc.o(.text)
    RCC_HSEConfig                            0x08001c1d   Thumb Code    70  stm32f10x_rcc.o(.text)
    RCC_GetFlagStatus                        0x08001c63   Thumb Code    56  stm32f10x_rcc.o(.text)
    RCC_WaitForHSEStartUp                    0x08001c9b   Thumb Code    56  stm32f10x_rcc.o(.text)
    RCC_AdjustHSICalibrationValue            0x08001cd3   Thumb Code    20  stm32f10x_rcc.o(.text)
    RCC_HSICmd                               0x08001ce7   Thumb Code     6  stm32f10x_rcc.o(.text)
    RCC_PLLConfig                            0x08001ced   Thumb Code    24  stm32f10x_rcc.o(.text)
    RCC_PLLCmd                               0x08001d05   Thumb Code     6  stm32f10x_rcc.o(.text)
    RCC_SYSCLKConfig                         0x08001d0b   Thumb Code    18  stm32f10x_rcc.o(.text)
    RCC_GetSYSCLKSource                      0x08001d1d   Thumb Code    10  stm32f10x_rcc.o(.text)
    RCC_HCLKConfig                           0x08001d27   Thumb Code    18  stm32f10x_rcc.o(.text)
    RCC_PCLK1Config                          0x08001d39   Thumb Code    18  stm32f10x_rcc.o(.text)
    RCC_PCLK2Config                          0x08001d4b   Thumb Code    20  stm32f10x_rcc.o(.text)
    RCC_ITConfig                             0x08001d5f   Thumb Code    26  stm32f10x_rcc.o(.text)
    RCC_USBCLKConfig                         0x08001d79   Thumb Code     8  stm32f10x_rcc.o(.text)
    RCC_ADCCLKConfig                         0x08001d81   Thumb Code    18  stm32f10x_rcc.o(.text)
    RCC_LSEConfig                            0x08001d93   Thumb Code    50  stm32f10x_rcc.o(.text)
    RCC_LSICmd                               0x08001dc5   Thumb Code     6  stm32f10x_rcc.o(.text)
    RCC_RTCCLKConfig                         0x08001dcb   Thumb Code    12  stm32f10x_rcc.o(.text)
    RCC_RTCCLKCmd                            0x08001dd7   Thumb Code     8  stm32f10x_rcc.o(.text)
    RCC_GetClocksFreq                        0x08001ddf   Thumb Code   192  stm32f10x_rcc.o(.text)
    RCC_AHBPeriphClockCmd                    0x08001e9f   Thumb Code    26  stm32f10x_rcc.o(.text)
    RCC_APB2PeriphClockCmd                   0x08001eb9   Thumb Code    26  stm32f10x_rcc.o(.text)
    RCC_APB1PeriphClockCmd                   0x08001ed3   Thumb Code    26  stm32f10x_rcc.o(.text)
    RCC_APB2PeriphResetCmd                   0x08001eed   Thumb Code    26  stm32f10x_rcc.o(.text)
    RCC_APB1PeriphResetCmd                   0x08001f07   Thumb Code    26  stm32f10x_rcc.o(.text)
    RCC_BackupResetCmd                       0x08001f21   Thumb Code     8  stm32f10x_rcc.o(.text)
    RCC_ClockSecuritySystemCmd               0x08001f29   Thumb Code     6  stm32f10x_rcc.o(.text)
    RCC_MCOConfig                            0x08001f2f   Thumb Code     6  stm32f10x_rcc.o(.text)
    RCC_ClearFlag                            0x08001f35   Thumb Code    14  stm32f10x_rcc.o(.text)
    RCC_GetITStatus                          0x08001f43   Thumb Code    20  stm32f10x_rcc.o(.text)
    RCC_ClearITPendingBit                    0x08001f57   Thumb Code     6  stm32f10x_rcc.o(.text)
    USART_DeInit                             0x08001f81   Thumb Code   134  stm32f10x_usart.o(.text)
    USART_Init                               0x08002007   Thumb Code   210  stm32f10x_usart.o(.text)
    USART_StructInit                         0x080020d9   Thumb Code    24  stm32f10x_usart.o(.text)
    USART_ClockInit                          0x080020f1   Thumb Code    34  stm32f10x_usart.o(.text)
    USART_ClockStructInit                    0x08002113   Thumb Code    12  stm32f10x_usart.o(.text)
    USART_Cmd                                0x0800211f   Thumb Code    24  stm32f10x_usart.o(.text)
    USART_ITConfig                           0x08002137   Thumb Code    74  stm32f10x_usart.o(.text)
    USART_DMACmd                             0x08002181   Thumb Code    18  stm32f10x_usart.o(.text)
    USART_SetAddress                         0x08002193   Thumb Code    18  stm32f10x_usart.o(.text)
    USART_WakeUpConfig                       0x080021a5   Thumb Code    18  stm32f10x_usart.o(.text)
    USART_ReceiverWakeUpCmd                  0x080021b7   Thumb Code    24  stm32f10x_usart.o(.text)
    USART_LINBreakDetectLengthConfig         0x080021cf   Thumb Code    18  stm32f10x_usart.o(.text)
    USART_LINCmd                             0x080021e1   Thumb Code    24  stm32f10x_usart.o(.text)
    USART_SendData                           0x080021f9   Thumb Code     8  stm32f10x_usart.o(.text)
    USART_ReceiveData                        0x08002201   Thumb Code    10  stm32f10x_usart.o(.text)
    USART_SendBreak                          0x0800220b   Thumb Code    10  stm32f10x_usart.o(.text)
    USART_SetGuardTime                       0x08002215   Thumb Code    16  stm32f10x_usart.o(.text)
    USART_SetPrescaler                       0x08002225   Thumb Code    16  stm32f10x_usart.o(.text)
    USART_SmartCardCmd                       0x08002235   Thumb Code    24  stm32f10x_usart.o(.text)
    USART_SmartCardNACKCmd                   0x0800224d   Thumb Code    24  stm32f10x_usart.o(.text)
    USART_HalfDuplexCmd                      0x08002265   Thumb Code    24  stm32f10x_usart.o(.text)
    USART_OverSampling8Cmd                   0x0800227d   Thumb Code    22  stm32f10x_usart.o(.text)
    USART_OneBitMethodCmd                    0x08002293   Thumb Code    24  stm32f10x_usart.o(.text)
    USART_IrDAConfig                         0x080022ab   Thumb Code    18  stm32f10x_usart.o(.text)
    USART_IrDACmd                            0x080022bd   Thumb Code    24  stm32f10x_usart.o(.text)
    USART_GetFlagStatus                      0x080022d5   Thumb Code    26  stm32f10x_usart.o(.text)
    USART_ClearFlag                          0x080022ef   Thumb Code    18  stm32f10x_usart.o(.text)
    USART_GetITStatus                        0x08002301   Thumb Code    84  stm32f10x_usart.o(.text)
    USART_ClearITPendingBit                  0x08002355   Thumb Code    52  stm32f10x_usart.o(.text)
    NVIC_PriorityGroupConfig                 0x08002389   Thumb Code    10  misc.o(.text)
    NVIC_Init                                0x08002393   Thumb Code   100  misc.o(.text)
    NVIC_SetVectorTable                      0x080023f7   Thumb Code    14  misc.o(.text)
    NVIC_SystemLPConfig                      0x08002405   Thumb Code    34  misc.o(.text)
    SysTick_CLKSourceConfig                  0x08002427   Thumb Code    40  misc.o(.text)
    TIM_DeInit                               0x08002465   Thumb Code   424  stm32f10x_tim.o(.text)
    TIM_TimeBaseInit                         0x0800260d   Thumb Code   122  stm32f10x_tim.o(.text)
    TIM_OC1Init                              0x08002687   Thumb Code   132  stm32f10x_tim.o(.text)
    TIM_OC2Init                              0x0800270b   Thumb Code   154  stm32f10x_tim.o(.text)
    TIM_OC3Init                              0x080027a5   Thumb Code   150  stm32f10x_tim.o(.text)
    TIM_OC4Init                              0x0800283b   Thumb Code   182  stm32f10x_tim.o(.text)
    TIM_SetIC4Prescaler                      0x080028f1   Thumb Code    26  stm32f10x_tim.o(.text)
    TIM_SetIC3Prescaler                      0x0800298d   Thumb Code    18  stm32f10x_tim.o(.text)
    TIM_SetIC2Prescaler                      0x08002a19   Thumb Code    26  stm32f10x_tim.o(.text)
    TIM_SetIC1Prescaler                      0x08002ab5   Thumb Code    18  stm32f10x_tim.o(.text)
    TIM_ICInit                               0x08002b33   Thumb Code   150  stm32f10x_tim.o(.text)
    TIM_PWMIConfig                           0x08002bc9   Thumb Code   124  stm32f10x_tim.o(.text)
    TIM_BDTRConfig                           0x08002c45   Thumb Code    32  stm32f10x_tim.o(.text)
    TIM_TimeBaseStructInit                   0x08002c65   Thumb Code    18  stm32f10x_tim.o(.text)
    TIM_OCStructInit                         0x08002c77   Thumb Code    20  stm32f10x_tim.o(.text)
    TIM_ICStructInit                         0x08002c8b   Thumb Code    18  stm32f10x_tim.o(.text)
    TIM_BDTRStructInit                       0x08002c9d   Thumb Code    40  stm32f10x_tim.o(.text)
    TIM_Cmd                                  0x08002cc5   Thumb Code    24  stm32f10x_tim.o(.text)
    TIM_CtrlPWMOutputs                       0x08002cdd   Thumb Code    30  stm32f10x_tim.o(.text)
    TIM_ITConfig                             0x08002cfb   Thumb Code    18  stm32f10x_tim.o(.text)
    TIM_GenerateEvent                        0x08002d0d   Thumb Code     4  stm32f10x_tim.o(.text)
    TIM_DMAConfig                            0x08002d11   Thumb Code    10  stm32f10x_tim.o(.text)
    TIM_DMACmd                               0x08002d1b   Thumb Code    18  stm32f10x_tim.o(.text)
    TIM_InternalClockConfig                  0x08002d2d   Thumb Code    12  stm32f10x_tim.o(.text)
    TIM_SelectInputTrigger                   0x08002d39   Thumb Code    18  stm32f10x_tim.o(.text)
    TIM_ITRxExternalClockConfig              0x08002d4b   Thumb Code    24  stm32f10x_tim.o(.text)
    TIM_TIxExternalClockConfig               0x08002d63   Thumb Code    62  stm32f10x_tim.o(.text)
    TIM_ETRConfig                            0x08002da1   Thumb Code    28  stm32f10x_tim.o(.text)
    TIM_ETRClockMode1Config                  0x08002dbd   Thumb Code    54  stm32f10x_tim.o(.text)
    TIM_ETRClockMode2Config                  0x08002df3   Thumb Code    32  stm32f10x_tim.o(.text)
    TIM_PrescalerConfig                      0x08002e13   Thumb Code     6  stm32f10x_tim.o(.text)
    TIM_CounterModeConfig                    0x08002e19   Thumb Code    18  stm32f10x_tim.o(.text)
    TIM_EncoderInterfaceConfig               0x08002e2b   Thumb Code    66  stm32f10x_tim.o(.text)
    TIM_ForcedOC1Config                      0x08002e6d   Thumb Code    18  stm32f10x_tim.o(.text)
    TIM_ForcedOC2Config                      0x08002e7f   Thumb Code    26  stm32f10x_tim.o(.text)
    TIM_ForcedOC3Config                      0x08002e99   Thumb Code    18  stm32f10x_tim.o(.text)
    TIM_ForcedOC4Config                      0x08002eab   Thumb Code    26  stm32f10x_tim.o(.text)
    TIM_ARRPreloadConfig                     0x08002ec5   Thumb Code    24  stm32f10x_tim.o(.text)
    TIM_SelectCOM                            0x08002edd   Thumb Code    24  stm32f10x_tim.o(.text)
    TIM_SelectCCDMA                          0x08002ef5   Thumb Code    24  stm32f10x_tim.o(.text)
    TIM_CCPreloadControl                     0x08002f0d   Thumb Code    24  stm32f10x_tim.o(.text)
    TIM_OC1PreloadConfig                     0x08002f25   Thumb Code    18  stm32f10x_tim.o(.text)
    TIM_OC2PreloadConfig                     0x08002f37   Thumb Code    26  stm32f10x_tim.o(.text)
    TIM_OC3PreloadConfig                     0x08002f51   Thumb Code    18  stm32f10x_tim.o(.text)
    TIM_OC4PreloadConfig                     0x08002f63   Thumb Code    26  stm32f10x_tim.o(.text)
    TIM_OC1FastConfig                        0x08002f7d   Thumb Code    18  stm32f10x_tim.o(.text)
    TIM_OC2FastConfig                        0x08002f8f   Thumb Code    26  stm32f10x_tim.o(.text)
    TIM_OC3FastConfig                        0x08002fa9   Thumb Code    18  stm32f10x_tim.o(.text)
    TIM_OC4FastConfig                        0x08002fbb   Thumb Code    26  stm32f10x_tim.o(.text)
    TIM_ClearOC1Ref                          0x08002fd5   Thumb Code    18  stm32f10x_tim.o(.text)
    TIM_ClearOC2Ref                          0x08002fe7   Thumb Code    24  stm32f10x_tim.o(.text)
    TIM_ClearOC3Ref                          0x08002fff   Thumb Code    18  stm32f10x_tim.o(.text)
    TIM_ClearOC4Ref                          0x08003011   Thumb Code    24  stm32f10x_tim.o(.text)
    TIM_OC1PolarityConfig                    0x08003029   Thumb Code    18  stm32f10x_tim.o(.text)
    TIM_OC1NPolarityConfig                   0x0800303b   Thumb Code    18  stm32f10x_tim.o(.text)
    TIM_OC2PolarityConfig                    0x0800304d   Thumb Code    26  stm32f10x_tim.o(.text)
    TIM_OC2NPolarityConfig                   0x08003067   Thumb Code    26  stm32f10x_tim.o(.text)
    TIM_OC3PolarityConfig                    0x08003081   Thumb Code    26  stm32f10x_tim.o(.text)
    TIM_OC3NPolarityConfig                   0x0800309b   Thumb Code    26  stm32f10x_tim.o(.text)
    TIM_OC4PolarityConfig                    0x080030b5   Thumb Code    26  stm32f10x_tim.o(.text)
    TIM_CCxCmd                               0x080030cf   Thumb Code    30  stm32f10x_tim.o(.text)
    TIM_CCxNCmd                              0x080030ed   Thumb Code    30  stm32f10x_tim.o(.text)
    TIM_SelectOCxM                           0x0800310b   Thumb Code    82  stm32f10x_tim.o(.text)
    TIM_UpdateDisableConfig                  0x0800315d   Thumb Code    24  stm32f10x_tim.o(.text)
    TIM_UpdateRequestConfig                  0x08003175   Thumb Code    24  stm32f10x_tim.o(.text)
    TIM_SelectHallSensor                     0x0800318d   Thumb Code    24  stm32f10x_tim.o(.text)
    TIM_SelectOnePulseMode                   0x080031a5   Thumb Code    18  stm32f10x_tim.o(.text)
    TIM_SelectOutputTrigger                  0x080031b7   Thumb Code    18  stm32f10x_tim.o(.text)
    TIM_SelectSlaveMode                      0x080031c9   Thumb Code    18  stm32f10x_tim.o(.text)
    TIM_SelectMasterSlaveMode                0x080031db   Thumb Code    18  stm32f10x_tim.o(.text)
    TIM_SetCounter                           0x080031ed   Thumb Code     4  stm32f10x_tim.o(.text)
    TIM_SetAutoreload                        0x080031f1   Thumb Code     4  stm32f10x_tim.o(.text)
    TIM_SetCompare1                          0x080031f5   Thumb Code     4  stm32f10x_tim.o(.text)
    TIM_SetCompare2                          0x080031f9   Thumb Code     4  stm32f10x_tim.o(.text)
    TIM_SetCompare3                          0x080031fd   Thumb Code     4  stm32f10x_tim.o(.text)
    TIM_SetCompare4                          0x08003201   Thumb Code     6  stm32f10x_tim.o(.text)
    TIM_SetClockDivision                     0x08003207   Thumb Code    18  stm32f10x_tim.o(.text)
    TIM_GetCapture1                          0x08003219   Thumb Code     6  stm32f10x_tim.o(.text)
    TIM_GetCapture2                          0x0800321f   Thumb Code     6  stm32f10x_tim.o(.text)
    TIM_GetCapture3                          0x08003225   Thumb Code     6  stm32f10x_tim.o(.text)
    TIM_GetCapture4                          0x0800322b   Thumb Code     8  stm32f10x_tim.o(.text)
    TIM_GetCounter                           0x08003233   Thumb Code     6  stm32f10x_tim.o(.text)
    TIM_GetPrescaler                         0x08003239   Thumb Code     6  stm32f10x_tim.o(.text)
    TIM_GetFlagStatus                        0x0800323f   Thumb Code    18  stm32f10x_tim.o(.text)
    TIM_ClearFlag                            0x08003251   Thumb Code     6  stm32f10x_tim.o(.text)
    TIM_GetITStatus                          0x08003257   Thumb Code    34  stm32f10x_tim.o(.text)
    TIM_ClearITPendingBit                    0x08003279   Thumb Code     6  stm32f10x_tim.o(.text)
    EXTI_DeInit                              0x08003281   Thumb Code    28  stm32f10x_exti.o(.text)
    EXTI_Init                                0x0800329d   Thumb Code   142  stm32f10x_exti.o(.text)
    EXTI_StructInit                          0x0800332b   Thumb Code    16  stm32f10x_exti.o(.text)
    EXTI_GenerateSWInterrupt                 0x0800333b   Thumb Code    16  stm32f10x_exti.o(.text)
    EXTI_GetFlagStatus                       0x0800334b   Thumb Code    22  stm32f10x_exti.o(.text)
    EXTI_ClearFlag                           0x08003361   Thumb Code     8  stm32f10x_exti.o(.text)
    EXTI_GetITStatus                         0x08003369   Thumb Code    34  stm32f10x_exti.o(.text)
    EXTI_ClearITPendingBit                   0x0800338b   Thumb Code     8  stm32f10x_exti.o(.text)
    ESP8266_Clear                            0x0800339d   Thumb Code    18  esp8266.o(.text)
    ESP8266_WaitRecive                       0x080033af   Thumb Code    42  esp8266.o(.text)
    ESP8266_SendCmd                          0x080033d9   Thumb Code    76  esp8266.o(.text)
    ESP8266_SendData                         0x08003425   Thumb Code    46  esp8266.o(.text)
    ESP8266_GetIPD                           0x08003453   Thumb Code    66  esp8266.o(.text)
    ESP8266_Init                             0x08003495   Thumb Code   276  esp8266.o(.text)
    USART2_IRQHandler                        0x080035a9   Thumb Code    62  esp8266.o(.text)
    MQTT_NewBuffer                           0x08003729   Thumb Code    88  mqttkit.o(.text)
    MQTT_DeleteBuffer                        0x08003781   Thumb Code    28  mqttkit.o(.text)
    MQTT_DumpLength                          0x0800379d   Thumb Code    46  mqttkit.o(.text)
    MQTT_ReadLength                          0x080037cb   Thumb Code    70  mqttkit.o(.text)
    MQTT_UnPacketRecv                        0x08003811   Thumb Code   106  mqttkit.o(.text)
    MQTT_PacketConnect                       0x0800387b   Thumb Code   666  mqttkit.o(.text)
    MQTT_PacketDisConnect                    0x08003b15   Thumb Code    48  mqttkit.o(.text)
    MQTT_UnPacketConnectAck                  0x08003b45   Thumb Code    30  mqttkit.o(.text)
    MQTT_PacketPublish                       0x08003b63   Thumb Code   452  mqttkit.o(.text)
    MQTT_PacketSaveData                      0x08003d27   Thumb Code    88  mqttkit.o(.text)
    MQTT_PacketSaveBinData                   0x08003d7f   Thumb Code   192  mqttkit.o(.text)
    MQTT_UnPacketCmd                         0x08003e3f   Thumb Code   140  mqttkit.o(.text)
    MQTT_PacketCmdResp                       0x08003ecb   Thumb Code   132  mqttkit.o(.text)
    MQTT_PacketSubscribe                     0x08003f4f   Thumb Code   254  mqttkit.o(.text)
    MQTT_UnPacketSubscribe                   0x0800404d   Thumb Code    52  mqttkit.o(.text)
    MQTT_PacketUnSubscribe                   0x08004081   Thumb Code   268  mqttkit.o(.text)
    MQTT_UnPacketUnSubscribe                 0x0800418d   Thumb Code    18  mqttkit.o(.text)
    MQTT_UnPacketPublish                     0x0800419f   Thumb Code   440  mqttkit.o(.text)
    MQTT_PacketPublishAck                    0x08004357   Thumb Code    72  mqttkit.o(.text)
    MQTT_UnPacketPublishAck                  0x0800439f   Thumb Code    30  mqttkit.o(.text)
    MQTT_PacketPublishRec                    0x080043bd   Thumb Code    72  mqttkit.o(.text)
    MQTT_UnPacketPublishRec                  0x08004405   Thumb Code    30  mqttkit.o(.text)
    MQTT_PacketPublishRel                    0x08004423   Thumb Code    72  mqttkit.o(.text)
    MQTT_UnPacketPublishRel                  0x0800446b   Thumb Code    36  mqttkit.o(.text)
    MQTT_PacketPublishComp                   0x0800448f   Thumb Code    72  mqttkit.o(.text)
    MQTT_UnPacketPublishComp                 0x080044d7   Thumb Code    30  mqttkit.o(.text)
    MQTT_PacketPing                          0x080044f5   Thumb Code    48  mqttkit.o(.text)
    OneNet_DevLink                           0x08004525   Thumb Code   212  onenet.o(.text)
    OneNet_Subscribe                         0x080045f9   Thumb Code    80  onenet.o(.text)
    OneNet_Publish                           0x08004649   Thumb Code    86  onenet.o(.text)
    OneNet_RevPro                            0x0800469f   Thumb Code  1416  onenet.o(.text)
    cJSON_GetErrorPtr                        0x08004c29   Thumb Code     6  cjson.o(.text)
    cJSON_InitHooks                          0x08004ca3   Thumb Code    48  cjson.o(.text)
    cJSON_Delete                             0x08004ced   Thumb Code    82  cjson.o(.text)
    cJSON_ParseWithOpts                      0x08005859   Thumb Code   152  cjson.o(.text)
    cJSON_Parse                              0x080058f1   Thumb Code    16  cjson.o(.text)
    cJSON_Print                              0x08006081   Thumb Code    18  cjson.o(.text)
    cJSON_PrintUnformatted                   0x08006093   Thumb Code    18  cjson.o(.text)
    cJSON_PrintBuffered                      0x080060a5   Thumb Code    52  cjson.o(.text)
    cJSON_GetArraySize                       0x080060d9   Thumb Code    18  cjson.o(.text)
    cJSON_GetArrayItem                       0x080060eb   Thumb Code    18  cjson.o(.text)
    cJSON_GetObjectItem                      0x080060fd   Thumb Code    30  cjson.o(.text)
    cJSON_AddItemToArray                     0x08006151   Thumb Code    42  cjson.o(.text)
    cJSON_AddItemToObject                    0x0800617b   Thumb Code    44  cjson.o(.text)
    cJSON_AddItemToObjectCS                  0x080061a7   Thumb Code    54  cjson.o(.text)
    cJSON_AddItemReferenceToArray            0x080061dd   Thumb Code    24  cjson.o(.text)
    cJSON_AddItemReferenceToObject           0x080061f5   Thumb Code    32  cjson.o(.text)
    cJSON_DetachItemFromArray                0x08006215   Thumb Code    66  cjson.o(.text)
    cJSON_DeleteItemFromArray                0x08006257   Thumb Code    22  cjson.o(.text)
    cJSON_DetachItemFromObject               0x0800626d   Thumb Code    50  cjson.o(.text)
    cJSON_DeleteItemFromObject               0x0800629f   Thumb Code    22  cjson.o(.text)
    cJSON_InsertItemInArray                  0x080062b5   Thumb Code    64  cjson.o(.text)
    cJSON_ReplaceItemInArray                 0x080062f5   Thumb Code    76  cjson.o(.text)
    cJSON_ReplaceItemInObject                0x08006341   Thumb Code    62  cjson.o(.text)
    cJSON_CreateNull                         0x0800637f   Thumb Code    18  cjson.o(.text)
    cJSON_CreateTrue                         0x08006391   Thumb Code    18  cjson.o(.text)
    cJSON_CreateFalse                        0x080063a3   Thumb Code    18  cjson.o(.text)
    cJSON_CreateBool                         0x080063b5   Thumb Code    26  cjson.o(.text)
    cJSON_CreateNumber                       0x080063cf   Thumb Code    36  cjson.o(.text)
    cJSON_CreateString                       0x080063f3   Thumb Code    28  cjson.o(.text)
    cJSON_CreateArray                        0x0800640f   Thumb Code    18  cjson.o(.text)
    cJSON_CreateObject                       0x08006421   Thumb Code    18  cjson.o(.text)
    cJSON_CreateIntArray                     0x08006433   Thumb Code    68  cjson.o(.text)
    cJSON_CreateFloatArray                   0x08006477   Thumb Code    68  cjson.o(.text)
    cJSON_CreateDoubleArray                  0x080064bb   Thumb Code    68  cjson.o(.text)
    cJSON_CreateStringArray                  0x080064ff   Thumb Code    62  cjson.o(.text)
    cJSON_Duplicate                          0x0800653d   Thumb Code   178  cjson.o(.text)
    cJSON_Minify                             0x080065ef   Thumb Code   186  cjson.o(.text)
    malloc                                   0x080066a9   Thumb Code    94  h1_alloc.o(.text)
    free                                     0x08006707   Thumb Code    78  h1_free.o(.text)
    tolower                                  0x08006755   Thumb Code    26  tolower.o(.text)
    __c89vsnprintf                           0x08006771   Thumb Code    48  c89vsnprintf.o(.text)
    __2sprintf                               0x080067a5   Thumb Code    38  __2sprintf.o(.text)
    _printf_pre_padding                      0x080067d1   Thumb Code    44  _printf_pad.o(.text)
    _printf_post_padding                     0x080067fd   Thumb Code    34  _printf_pad.o(.text)
    _printf_str                              0x0800681f   Thumb Code    82  _printf_str.o(.text)
    _printf_int_dec                          0x08006871   Thumb Code   104  _printf_dec.o(.text)
    _printf_longlong_hex                     0x080068e9   Thumb Code    86  _printf_hex_int_ll_ptr.o(.text)
    _printf_int_hex                          0x0800693f   Thumb Code    28  _printf_hex_int_ll_ptr.o(.text)
    _printf_ll_hex                           0x0800695b   Thumb Code    12  _printf_hex_int_ll_ptr.o(.text)
    _printf_hex_ptr                          0x08006967   Thumb Code    18  _printf_hex_int_ll_ptr.o(.text)
    __printf                                 0x0800697d   Thumb Code   388  __printf_flags_ss_wp.o(.text)
    atoi                                     0x08006b05   Thumb Code    26  atoi.o(.text)
    strchr                                   0x08006b1f   Thumb Code    20  strchr.o(.text)
    strncat                                  0x08006b33   Thumb Code    36  strncat.o(.text)
    strstr                                   0x08006b57   Thumb Code    36  strstr.o(.text)
    strcpy                                   0x08006b7b   Thumb Code    72  strcpy.o(.text)
    strlen                                   0x08006bc3   Thumb Code    62  strlen.o(.text)
    strncmp                                  0x08006c01   Thumb Code   150  strncmp.o(.text)
    __aeabi_memcpy                           0x08006c97   Thumb Code     0  rt_memcpy_v6.o(.text)
    __rt_memcpy                              0x08006c97   Thumb Code   138  rt_memcpy_v6.o(.text)
    _memcpy_lastbytes                        0x08006cfd   Thumb Code     0  rt_memcpy_v6.o(.text)
    __aeabi_memcpy4                          0x08006d21   Thumb Code     0  rt_memcpy_w.o(.text)
    __aeabi_memcpy8                          0x08006d21   Thumb Code     0  rt_memcpy_w.o(.text)
    __rt_memcpy_w                            0x08006d21   Thumb Code   100  rt_memcpy_w.o(.text)
    _memcpy_lastbytes_aligned                0x08006d69   Thumb Code     0  rt_memcpy_w.o(.text)
    __aeabi_memclr                           0x08006d85   Thumb Code     0  rt_memclr.o(.text)
    __rt_memclr                              0x08006d85   Thumb Code    68  rt_memclr.o(.text)
    _memset                                  0x08006d89   Thumb Code     0  rt_memclr.o(.text)
    __aeabi_memclr4                          0x08006dc9   Thumb Code     0  rt_memclr_w.o(.text)
    __aeabi_memclr8                          0x08006dc9   Thumb Code     0  rt_memclr_w.o(.text)
    __rt_memclr_w                            0x08006dc9   Thumb Code    78  rt_memclr_w.o(.text)
    _memset_w                                0x08006dcd   Thumb Code     0  rt_memclr_w.o(.text)
    __use_two_region_memory                  0x08006e17   Thumb Code     2  heapauxi.o(.text)
    __rt_heap_escrow                         0x08006e19   Thumb Code     2  heapauxi.o(.text)
    __rt_heap_expand                         0x08006e1b   Thumb Code     2  heapauxi.o(.text)
    __rt_ctype_table                         0x08006e1d   Thumb Code    16  rt_ctype_table.o(.text)
    __rt_heap_descriptor                     0x08006e2d   Thumb Code     8  rt_heap_descriptor_intlibspace.o(.text)
    __aeabi_errno_addr                       0x08006e35   Thumb Code     8  rt_errno_addr_intlibspace.o(.text)
    __errno$intlibspace                      0x08006e35   Thumb Code     0  rt_errno_addr_intlibspace.o(.text)
    __rt_errno_addr$intlibspace              0x08006e35   Thumb Code     0  rt_errno_addr_intlibspace.o(.text)
    __use_no_heap                            0x08006e3d   Thumb Code     2  hguard.o(.text)
    __heap$guard                             0x08006e3f   Thumb Code     2  hguard.o(.text)
    _terminate_user_alloc                    0x08006e41   Thumb Code     2  init_alloc.o(.text)
    _init_user_alloc                         0x08006e43   Thumb Code     2  init_alloc.o(.text)
    __Heap_Full                              0x08006e45   Thumb Code    34  init_alloc.o(.text)
    __Heap_Broken                            0x08006e67   Thumb Code     6  init_alloc.o(.text)
    _init_alloc                              0x08006e6d   Thumb Code    94  init_alloc.o(.text)
    __Heap_Initialize                        0x08006ecb   Thumb Code    10  h1_init.o(.text)
    __Heap_DescSize                          0x08006ed5   Thumb Code     4  h1_init.o(.text)
    __read_errno                             0x08006ed9   Thumb Code    10  _rserrno.o(.text)
    __set_errno                              0x08006ee3   Thumb Code    12  _rserrno.o(.text)
    _printf_truncate_signed                  0x08006eef   Thumb Code    18  _printf_truncate.o(.text)
    _printf_truncate_unsigned                0x08006f01   Thumb Code    18  _printf_truncate.o(.text)
    _printf_int_common                       0x08006f13   Thumb Code   178  _printf_intcommon.o(.text)
    _printf_charcount                        0x08006fc5   Thumb Code    40  _printf_charcount.o(.text)
    __lib_sel_fp_printf                      0x08006fed   Thumb Code     2  _printf_fp_dec.o(.text)
    _printf_fp_dec_real                      0x0800719b   Thumb Code   620  _printf_fp_dec.o(.text)
    _printf_char_common                      0x08007413   Thumb Code    32  _printf_char_common.o(.text)
    _sputc                                   0x08007439   Thumb Code    10  _sputc.o(.text)
    _snputc                                  0x08007443   Thumb Code    16  _snputc.o(.text)
    _printf_cs_common                        0x08007453   Thumb Code    20  _printf_char.o(.text)
    _printf_char                             0x08007467   Thumb Code    16  _printf_char.o(.text)
    _printf_string                           0x08007477   Thumb Code     8  _printf_char.o(.text)
    _printf_wctomb                           0x08007481   Thumb Code   182  _printf_wctomb.o(.text)
    _printf_longlong_dec                     0x0800753d   Thumb Code   108  _printf_longlong_dec.o(.text)
    _printf_longlong_oct                     0x080075b9   Thumb Code    68  _printf_oct_int_ll.o(.text)
    _printf_int_oct                          0x080075fd   Thumb Code    24  _printf_oct_int_ll.o(.text)
    _printf_ll_oct                           0x08007615   Thumb Code    12  _printf_oct_int_ll.o(.text)
    strtol                                   0x08007629   Thumb Code   112  strtol.o(.text)
    __user_libspace                          0x08007699   Thumb Code     8  libspace.o(.text)
    __user_perproc_libspace                  0x08007699   Thumb Code     0  libspace.o(.text)
    __user_perthread_libspace                0x08007699   Thumb Code     0  libspace.o(.text)
    __rt_locale                              0x080076a1   Thumb Code     8  rt_locale_intlibspace.o(.text)
    __Heap_ProvideMemory                     0x080076a9   Thumb Code    52  h1_extend.o(.text)
    _ll_udiv10                               0x080076dd   Thumb Code   138  lludiv10.o(.text)
    _printf_fp_infnan                        0x08007769   Thumb Code   112  _printf_fp_infnan.o(.text)
    _printf_lcs_common                       0x080077e9   Thumb Code    20  _printf_wchar.o(.text)
    _printf_wchar                            0x080077fd   Thumb Code    16  _printf_wchar.o(.text)
    _printf_wstring                          0x0800780d   Thumb Code     8  _printf_wchar.o(.text)
    _strtoul                                 0x08007815   Thumb Code   158  _strtoul.o(.text)
    _btod_etento                             0x080078b5   Thumb Code   216  bigflt0.o(.text)
    _wcrtomb                                 0x08007991   Thumb Code    64  _wcrtomb.o(.text)
    __rt_SIGRTMEM                            0x080079d1   Thumb Code    14  defsig_rtmem_outer.o(.text)
    __I$use$semihosting                      0x080079df   Thumb Code     0  use_no_semi.o(.text)
    __use_no_semihosting_swi                 0x080079df   Thumb Code     2  use_no_semi.o(.text)
    __semihosting_library_function           0x080079e1   Thumb Code     0  indicate_semi.o(.text)
    __user_setup_stackheap                   0x080079e1   Thumb Code    74  sys_stackheap_outer.o(.text)
    _chval                                   0x08007a2b   Thumb Code    28  _chval.o(.text)
    exit                                     0x08007a47   Thumb Code    18  exit.o(.text)
    __sig_exit                               0x08007a59   Thumb Code    10  defsig_exit.o(.text)
    __rt_SIGRTMEM_inner                      0x08007a65   Thumb Code    22  defsig_rtmem_inner.o(.text)
    strcmp                                   0x08007ab5   Thumb Code   128  strcmpv7m.o(.text)
    _sys_exit                                0x08007b35   Thumb Code     8  sys_exit.o(.text)
    __default_signal_display                 0x08007b41   Thumb Code    50  defsig_general.o(.text)
    _ttywrch                                 0x08007b73   Thumb Code    14  sys_wrch.o(.text)
    _btod_d2e                                0x08007b81   Thumb Code    62  btod.o(CL$$btod_d2e)
    _d2e_denorm_low                          0x08007bbf   Thumb Code    70  btod.o(CL$$btod_d2e_denorm_low)
    _d2e_norm_op1                            0x08007c05   Thumb Code    96  btod.o(CL$$btod_d2e_norm_op1)
    __btod_div_common                        0x08007c65   Thumb Code   696  btod.o(CL$$btod_div_common)
    _e2e                                     0x08007f9d   Thumb Code   198  btod.o(CL$$btod_e2e)
    _btod_ediv                               0x08008063   Thumb Code    40  btod.o(CL$$btod_ediv)
    _btod_emul                               0x0800808b   Thumb Code    40  btod.o(CL$$btod_emul)
    __btod_mult_common                       0x080080b3   Thumb Code   580  btod.o(CL$$btod_mult_common)
    __ARM_fpclassify                         0x080082f7   Thumb Code    40  fpclassify.o(i.__ARM_fpclassify)
    __kernel_poly                            0x0800831f   Thumb Code   170  poly.o(i.__kernel_poly)
    __mathlib_dbl_divzero                    0x080083c9   Thumb Code    12  dunder.o(i.__mathlib_dbl_divzero)
    __mathlib_dbl_infnan2                    0x080083d9   Thumb Code     4  dunder.o(i.__mathlib_dbl_infnan2)
    __mathlib_dbl_invalid                    0x080083dd   Thumb Code    12  dunder.o(i.__mathlib_dbl_invalid)
    __mathlib_dbl_overflow                   0x080083e9   Thumb Code    14  dunder.o(i.__mathlib_dbl_overflow)
    __mathlib_dbl_underflow                  0x080083f9   Thumb Code    10  dunder.o(i.__mathlib_dbl_underflow)
    _is_digit                                0x08008409   Thumb Code    14  __printf_wp.o(i._is_digit)
    floor                                    0x08008419   Thumb Code   204  floor.o(i.floor)
    pow                                      0x080084f5   Thumb Code  2512  pow.o(i.pow)
    sqrt                                     0x08008ecd   Thumb Code    76  sqrt.o(i.sqrt)
    _get_lc_ctype                            0x08008f19   Thumb Code    44  lc_ctype_c.o(locale$$code)
    _get_lc_numeric                          0x08008f45   Thumb Code    44  lc_numeric_c.o(locale$$code)
    __aeabi_dadd                             0x08008f71   Thumb Code     0  daddsub_clz.o(x$fpl$dadd)
    _dadd                                    0x08008f71   Thumb Code   332  daddsub_clz.o(x$fpl$dadd)
    __fpl_dcheck_NaN1                        0x080090c1   Thumb Code    10  dcheck1.o(x$fpl$dcheck1)
    __fpl_dcmp_Inf                           0x080090d1   Thumb Code    24  dcmpi.o(x$fpl$dcmpinf)
    __aeabi_ddiv                             0x080090e9   Thumb Code     0  ddiv.o(x$fpl$ddiv)
    _ddiv                                    0x080090e9   Thumb Code   552  ddiv.o(x$fpl$ddiv)
    __aeabi_cdcmpeq                          0x08009399   Thumb Code     0  deqf.o(x$fpl$deqf)
    _dcmpeq                                  0x08009399   Thumb Code   120  deqf.o(x$fpl$deqf)
    __aeabi_d2iz                             0x08009411   Thumb Code     0  dfix.o(x$fpl$dfix)
    _dfix                                    0x08009411   Thumb Code    94  dfix.o(x$fpl$dfix)
    __aeabi_i2d                              0x0800946f   Thumb Code     0  dflt_clz.o(x$fpl$dflt)
    _dflt                                    0x0800946f   Thumb Code    46  dflt_clz.o(x$fpl$dflt)
    __aeabi_cdcmple                          0x0800949d   Thumb Code     0  dleqf.o(x$fpl$dleqf)
    _dcmple                                  0x0800949d   Thumb Code   120  dleqf.o(x$fpl$dleqf)
    __fpl_dcmple_InfNaN                      0x080094ff   Thumb Code     0  dleqf.o(x$fpl$dleqf)
    __aeabi_dmul                             0x08009515   Thumb Code     0  dmul.o(x$fpl$dmul)
    _dmul                                    0x08009515   Thumb Code   332  dmul.o(x$fpl$dmul)
    __fpl_dnaninf                            0x08009669   Thumb Code   156  dnaninf.o(x$fpl$dnaninf)
    __fpl_dretinf                            0x08009705   Thumb Code    12  dretinf.o(x$fpl$dretinf)
    __aeabi_cdrcmple                         0x08009711   Thumb Code     0  drleqf.o(x$fpl$drleqf)
    _drcmple                                 0x08009711   Thumb Code   108  drleqf.o(x$fpl$drleqf)
    __aeabi_drsub                            0x0800977d   Thumb Code     0  daddsub_clz.o(x$fpl$drsb)
    _drsb                                    0x0800977d   Thumb Code    22  daddsub_clz.o(x$fpl$drsb)
    _dsqrt                                   0x08009795   Thumb Code   456  dsqrt_noumaal.o(x$fpl$dsqrt)
    __aeabi_dsub                             0x08009961   Thumb Code     0  daddsub_clz.o(x$fpl$dsub)
    _dsub                                    0x08009961   Thumb Code   464  daddsub_clz.o(x$fpl$dsub)
    __aeabi_f2d                              0x08009b35   Thumb Code     0  f2d.o(x$fpl$f2d)
    _f2d                                     0x08009b35   Thumb Code    86  f2d.o(x$fpl$f2d)
    __fpl_fcmp_Inf                           0x08009b8b   Thumb Code    24  fcmpi.o(x$fpl$fcmpinf)
    __aeabi_fdiv                             0x08009ba5   Thumb Code     0  fdiv.o(x$fpl$fdiv)
    _fdiv                                    0x08009ba5   Thumb Code   384  fdiv.o(x$fpl$fdiv)
    __aeabi_ui2f                             0x08009d29   Thumb Code     0  fflt_clz.o(x$fpl$ffltu)
    _ffltu                                   0x08009d29   Thumb Code    38  fflt_clz.o(x$fpl$ffltu)
    __aeabi_cfcmple                          0x08009d51   Thumb Code     0  fleqf.o(x$fpl$fleqf)
    _fcmple                                  0x08009d51   Thumb Code   104  fleqf.o(x$fpl$fleqf)
    __fpl_fcmple_InfNaN                      0x08009da3   Thumb Code     0  fleqf.o(x$fpl$fleqf)
    __aeabi_fmul                             0x08009db9   Thumb Code     0  fmul.o(x$fpl$fmul)
    _fmul                                    0x08009db9   Thumb Code   258  fmul.o(x$fpl$fmul)
    __fpl_fnaninf                            0x08009ebb   Thumb Code   140  fnaninf.o(x$fpl$fnaninf)
    __fpl_fretinf                            0x08009f47   Thumb Code    10  fretinf.o(x$fpl$fretinf)
    _printf_fp_dec                           0x08009f51   Thumb Code     4  printf1.o(x$fpl$printf1)
    __fpl_return_NaN                         0x08009f55   Thumb Code   100  retnan.o(x$fpl$retnan)
    __ARM_scalbn                             0x08009fb9   Thumb Code    92  scalbn.o(x$fpl$scalbn)
    __fpl_cmpreturn                          0x0800a015   Thumb Code    48  trapv.o(x$fpl$trapveneer)
    __I$use$fp                               0x0800a044   Number         0  usenofp.o(x$fpl$usenofp)
    devPubTopic                              0x0800a044   Data          17  main.o(.constdata)
    asc2_1206                                0x0800a055   Data        1140  oled.o(.constdata)
    asc2_1608                                0x0800a4c9   Data        1520  oled.o(.constdata)
    asc2_2412                                0x0800aab9   Data        3420  oled.o(.constdata)
    __mathlib_zero                           0x0800b8e8   Data           8  qnan.o(.constdata)
    Region$$Table$$Base                      0x0800b998   Number         0  anon$$obj.o(Region$$Table)
    Region$$Table$$Limit                     0x0800b9b8   Number         0  anon$$obj.o(Region$$Table)
    __ctype                                  0x0800b9c5   Data           0  lc_ctype_c.o(locale$$data)
    alarmFlag                                0x20000000   Data           1  main.o(.data)
    alarm_is_free                            0x20000001   Data           1  main.o(.data)
    humidityH                                0x20000002   Data           1  main.o(.data)
    humidityL                                0x20000003   Data           1  main.o(.data)
    temperatureH                             0x20000004   Data           1  main.o(.data)
    temperatureL                             0x20000005   Data           1  main.o(.data)
    Light                                    0x20000008   Data           4  main.o(.data)
    devSubTopic                              0x2000000c   Data           4  main.o(.data)
    SystemCoreClock                          0x20000010   Data           4  system_stm32f10x.o(.data)
    AHBPrescTable                            0x20000014   Data          16  system_stm32f10x.o(.data)
    esp8266_cnt                              0x2000003e   Data           2  esp8266.o(.data)
    esp8266_cntPre                           0x20000040   Data           2  esp8266.o(.data)
    PUB_BUF                                  0x20000050   Data         256  main.o(.bss)
    OLED_GRAM                                0x20000150   Data        1152  oled.o(.bss)
    oledBuf                                  0x200005d0   Data          20  timer.o(.bss)
    esp8266_buf                              0x200005e4   Data         128  esp8266.o(.bss)
    __libspace_start                         0x20000664   Data          96  libspace.o(.bss)
    __temporary_stack_top$libspace           0x200006c4   Data           0  libspace.o(.bss)



==============================================================================

Memory Map of the image

  Image Entry point : 0x08000131

  Load Region LR_IROM1 (Base: 0x08000000, Size: 0x0000bb34, Max: 0x00010000, ABSOLUTE)

    Execution Region ER_IROM1 (Exec base: 0x08000000, Load base: 0x08000000, Size: 0x0000bae4, Max: 0x00010000, ABSOLUTE)

    Exec Addr    Load Addr    Size         Type   Attr      Idx    E Section Name        Object

    0x08000000   0x08000000   0x00000130   Data   RO          387    RESET               startup_stm32f10x_hd.o
    0x08000130   0x08000130   0x00000008   Code   RO          720  * !!!main             c_w.l(__main.o)
    0x08000138   0x08000138   0x00000034   Code   RO         1141    !!!scatter          c_w.l(__scatter.o)
    0x0800016c   0x0800016c   0x0000001a   Code   RO         1143    !!handler_copy      c_w.l(__scatter_copy.o)
    0x08000186   0x08000186   0x00000002   PAD
    0x08000188   0x08000188   0x0000001c   Code   RO         1145    !!handler_zi        c_w.l(__scatter_zi.o)
    0x080001a4   0x080001a4   0x00000000   Code   RO          695    .ARM.Collect$$_printf_percent$$00000000  c_w.l(_printf_percent.o)
    0x080001a4   0x080001a4   0x00000006   Code   RO          843    .ARM.Collect$$_printf_percent$$00000001  c_w.l(_printf_n.o)
    0x080001aa   0x080001aa   0x00000006   Code   RO          844    .ARM.Collect$$_printf_percent$$00000002  c_w.l(_printf_p.o)
    0x080001b0   0x080001b0   0x00000006   Code   RO          693    .ARM.Collect$$_printf_percent$$00000003  c_w.l(_printf_f.o)
    0x080001b6   0x080001b6   0x00000006   Code   RO          694    .ARM.Collect$$_printf_percent$$00000004  c_w.l(_printf_e.o)
    0x080001bc   0x080001bc   0x00000006   Code   RO          848    .ARM.Collect$$_printf_percent$$00000005  c_w.l(_printf_g.o)
    0x080001c2   0x080001c2   0x00000006   Code   RO          849    .ARM.Collect$$_printf_percent$$00000006  c_w.l(_printf_a.o)
    0x080001c8   0x080001c8   0x0000000a   Code   RO          854    .ARM.Collect$$_printf_percent$$00000007  c_w.l(_printf_ll.o)
    0x080001d2   0x080001d2   0x00000006   Code   RO          846    .ARM.Collect$$_printf_percent$$00000008  c_w.l(_printf_i.o)
    0x080001d8   0x080001d8   0x00000006   Code   RO          692    .ARM.Collect$$_printf_percent$$00000009  c_w.l(_printf_d.o)
    0x080001de   0x080001de   0x00000006   Code   RO          847    .ARM.Collect$$_printf_percent$$0000000A  c_w.l(_printf_u.o)
    0x080001e4   0x080001e4   0x00000006   Code   RO          845    .ARM.Collect$$_printf_percent$$0000000B  c_w.l(_printf_o.o)
    0x080001ea   0x080001ea   0x00000006   Code   RO          691    .ARM.Collect$$_printf_percent$$0000000C  c_w.l(_printf_x.o)
    0x080001f0   0x080001f0   0x00000006   Code   RO          851    .ARM.Collect$$_printf_percent$$0000000D  c_w.l(_printf_lli.o)
    0x080001f6   0x080001f6   0x00000006   Code   RO          852    .ARM.Collect$$_printf_percent$$0000000E  c_w.l(_printf_lld.o)
    0x080001fc   0x080001fc   0x00000006   Code   RO          853    .ARM.Collect$$_printf_percent$$0000000F  c_w.l(_printf_llu.o)
    0x08000202   0x08000202   0x00000006   Code   RO          858    .ARM.Collect$$_printf_percent$$00000010  c_w.l(_printf_llo.o)
    0x08000208   0x08000208   0x00000006   Code   RO          859    .ARM.Collect$$_printf_percent$$00000011  c_w.l(_printf_llx.o)
    0x0800020e   0x0800020e   0x0000000a   Code   RO          855    .ARM.Collect$$_printf_percent$$00000012  c_w.l(_printf_l.o)
    0x08000218   0x08000218   0x00000006   Code   RO          842    .ARM.Collect$$_printf_percent$$00000013  c_w.l(_printf_c.o)
    0x0800021e   0x0800021e   0x00000006   Code   RO          690    .ARM.Collect$$_printf_percent$$00000014  c_w.l(_printf_s.o)
    0x08000224   0x08000224   0x00000006   Code   RO          856    .ARM.Collect$$_printf_percent$$00000015  c_w.l(_printf_lc.o)
    0x0800022a   0x0800022a   0x00000006   Code   RO          857    .ARM.Collect$$_printf_percent$$00000016  c_w.l(_printf_ls.o)
    0x08000230   0x08000230   0x00000004   Code   RO          850    .ARM.Collect$$_printf_percent$$00000017  c_w.l(_printf_percent_end.o)
    0x08000234   0x08000234   0x00000002   Code   RO         1076    .ARM.Collect$$libinit$$00000000  c_w.l(libinit.o)
    0x08000236   0x08000236   0x00000000   Code   RO          865    .ARM.Collect$$libinit$$00000002  c_w.l(libinit2.o)
    0x08000236   0x08000236   0x00000000   Code   RO          867    .ARM.Collect$$libinit$$00000004  c_w.l(libinit2.o)
    0x08000236   0x08000236   0x00000008   Code   RO          868    .ARM.Collect$$libinit$$00000005  c_w.l(libinit2.o)
    0x0800023e   0x0800023e   0x00000000   Code   RO          870    .ARM.Collect$$libinit$$0000000A  c_w.l(libinit2.o)
    0x0800023e   0x0800023e   0x00000000   Code   RO          872    .ARM.Collect$$libinit$$0000000C  c_w.l(libinit2.o)
    0x0800023e   0x0800023e   0x00000000   Code   RO          874    .ARM.Collect$$libinit$$0000000E  c_w.l(libinit2.o)
    0x0800023e   0x0800023e   0x00000006   Code   RO          875    .ARM.Collect$$libinit$$0000000F  c_w.l(libinit2.o)
    0x08000244   0x08000244   0x00000000   Code   RO          877    .ARM.Collect$$libinit$$00000011  c_w.l(libinit2.o)
    0x08000244   0x08000244   0x0000000c   Code   RO          878    .ARM.Collect$$libinit$$00000012  c_w.l(libinit2.o)
    0x08000250   0x08000250   0x00000000   Code   RO          879    .ARM.Collect$$libinit$$00000013  c_w.l(libinit2.o)
    0x08000250   0x08000250   0x00000000   Code   RO          881    .ARM.Collect$$libinit$$00000015  c_w.l(libinit2.o)
    0x08000250   0x08000250   0x0000000a   Code   RO          882    .ARM.Collect$$libinit$$00000016  c_w.l(libinit2.o)
    0x0800025a   0x0800025a   0x00000000   Code   RO          883    .ARM.Collect$$libinit$$00000017  c_w.l(libinit2.o)
    0x0800025a   0x0800025a   0x00000000   Code   RO          885    .ARM.Collect$$libinit$$00000019  c_w.l(libinit2.o)
    0x0800025a   0x0800025a   0x00000000   Code   RO          887    .ARM.Collect$$libinit$$0000001B  c_w.l(libinit2.o)
    0x0800025a   0x0800025a   0x00000000   Code   RO          889    .ARM.Collect$$libinit$$0000001D  c_w.l(libinit2.o)
    0x0800025a   0x0800025a   0x00000000   Code   RO          891    .ARM.Collect$$libinit$$0000001F  c_w.l(libinit2.o)
    0x0800025a   0x0800025a   0x00000000   Code   RO          893    .ARM.Collect$$libinit$$00000021  c_w.l(libinit2.o)
    0x0800025a   0x0800025a   0x00000000   Code   RO          895    .ARM.Collect$$libinit$$00000023  c_w.l(libinit2.o)
    0x0800025a   0x0800025a   0x00000000   Code   RO          897    .ARM.Collect$$libinit$$00000025  c_w.l(libinit2.o)
    0x0800025a   0x0800025a   0x00000000   Code   RO          901    .ARM.Collect$$libinit$$0000002C  c_w.l(libinit2.o)
    0x0800025a   0x0800025a   0x00000000   Code   RO          903    .ARM.Collect$$libinit$$0000002E  c_w.l(libinit2.o)
    0x0800025a   0x0800025a   0x00000000   Code   RO          905    .ARM.Collect$$libinit$$00000030  c_w.l(libinit2.o)
    0x0800025a   0x0800025a   0x00000000   Code   RO          907    .ARM.Collect$$libinit$$00000032  c_w.l(libinit2.o)
    0x0800025a   0x0800025a   0x00000002   Code   RO          908    .ARM.Collect$$libinit$$00000033  c_w.l(libinit2.o)
    0x0800025c   0x0800025c   0x00000002   Code   RO         1138    .ARM.Collect$$libshutdown$$00000000  c_w.l(libshutdown.o)
    0x0800025e   0x0800025e   0x00000000   Code   RO         1092    .ARM.Collect$$libshutdown$$00000002  c_w.l(libshutdown2.o)
    0x0800025e   0x0800025e   0x00000000   Code   RO         1094    .ARM.Collect$$libshutdown$$00000004  c_w.l(libshutdown2.o)
    0x0800025e   0x0800025e   0x00000000   Code   RO         1097    .ARM.Collect$$libshutdown$$00000007  c_w.l(libshutdown2.o)
    0x0800025e   0x0800025e   0x00000000   Code   RO         1100    .ARM.Collect$$libshutdown$$0000000A  c_w.l(libshutdown2.o)
    0x0800025e   0x0800025e   0x00000000   Code   RO         1102    .ARM.Collect$$libshutdown$$0000000C  c_w.l(libshutdown2.o)
    0x0800025e   0x0800025e   0x00000000   Code   RO         1105    .ARM.Collect$$libshutdown$$0000000F  c_w.l(libshutdown2.o)
    0x0800025e   0x0800025e   0x00000002   Code   RO         1106    .ARM.Collect$$libshutdown$$00000010  c_w.l(libshutdown2.o)
    0x08000260   0x08000260   0x00000000   Code   RO          780    .ARM.Collect$$rtentry$$00000000  c_w.l(__rtentry.o)
    0x08000260   0x08000260   0x00000000   Code   RO          961    .ARM.Collect$$rtentry$$00000002  c_w.l(__rtentry2.o)
    0x08000260   0x08000260   0x00000006   Code   RO          973    .ARM.Collect$$rtentry$$00000004  c_w.l(__rtentry4.o)
    0x08000266   0x08000266   0x00000000   Code   RO          963    .ARM.Collect$$rtentry$$00000009  c_w.l(__rtentry2.o)
    0x08000266   0x08000266   0x00000004   Code   RO          964    .ARM.Collect$$rtentry$$0000000A  c_w.l(__rtentry2.o)
    0x0800026a   0x0800026a   0x00000000   Code   RO          966    .ARM.Collect$$rtentry$$0000000C  c_w.l(__rtentry2.o)
    0x0800026a   0x0800026a   0x00000008   Code   RO          967    .ARM.Collect$$rtentry$$0000000D  c_w.l(__rtentry2.o)
    0x08000272   0x08000272   0x00000002   Code   RO         1081    .ARM.Collect$$rtexit$$00000000  c_w.l(rtexit.o)
    0x08000274   0x08000274   0x00000000   Code   RO         1112    .ARM.Collect$$rtexit$$00000002  c_w.l(rtexit2.o)
    0x08000274   0x08000274   0x00000004   Code   RO         1113    .ARM.Collect$$rtexit$$00000003  c_w.l(rtexit2.o)
    0x08000278   0x08000278   0x00000006   Code   RO         1114    .ARM.Collect$$rtexit$$00000004  c_w.l(rtexit2.o)
    0x0800027e   0x0800027e   0x00000002   PAD
    0x08000280   0x08000280   0x00000000   Code   RO          982    .emb_text           c_w.l(maybetermalloc1.o)
    0x08000280   0x08000280   0x00000270   Code   RO            1    .text               main.o
    0x080004f0   0x080004f0   0x0000001a   Code   RO          153    .text               stm32f10x_it.o
    0x0800050a   0x0800050a   0x00000002   PAD
    0x0800050c   0x0800050c   0x000001e0   Code   RO          194    .text               system_stm32f10x.o
    0x080006ec   0x080006ec   0x00000050   Code   RO          212    .text               led.o
    0x0800073c   0x0800073c   0x00000034   Code   RO          224    .text               beep.o
    0x08000770   0x08000770   0x00000278   Code   RO          236    .text               bh1750.o
    0x080009e8   0x080009e8   0x000001b8   Code   RO          248    .text               dht11.o
    0x08000ba0   0x08000ba0   0x0000009c   Code   RO          260    .text               key.o
    0x08000c3c   0x08000c3c   0x00000664   Code   RO          273    .text               oled.o
    0x080012a0   0x080012a0   0x000000d4   Code   RO          293    .text               delay.o
    0x08001374   0x08001374   0x000001e8   Code   RO          324    .text               usart.o
    0x0800155c   0x0800155c   0x000001f0   Code   RO          346    .text               timer.o
    0x0800174c   0x0800174c   0x000000f4   Code   RO          362    .text               exti.o
    0x08001840   0x08001840   0x00000040   Code   RO          388    .text               startup_stm32f10x_hd.o
    0x08001880   0x08001880   0x0000035c   Code   RO          392    .text               stm32f10x_gpio.o
    0x08001bdc   0x08001bdc   0x000003a4   Code   RO          404    .text               stm32f10x_rcc.o
    0x08001f80   0x08001f80   0x00000408   Code   RO          418    .text               stm32f10x_usart.o
    0x08002388   0x08002388   0x000000dc   Code   RO          430    .text               misc.o
    0x08002464   0x08002464   0x00000e1a   Code   RO          442    .text               stm32f10x_tim.o
    0x0800327e   0x0800327e   0x00000002   PAD
    0x08003280   0x08003280   0x0000011c   Code   RO          454    .text               stm32f10x_exti.o
    0x0800339c   0x0800339c   0x0000038c   Code   RO          466    .text               esp8266.o
    0x08003728   0x08003728   0x00000dfc   Code   RO          486    .text               mqttkit.o
    0x08004524   0x08004524   0x00000702   Code   RO          514    .text               onenet.o
    0x08004c26   0x08004c26   0x00000002   PAD
    0x08004c28   0x08004c28   0x00001a80   Code   RO          534    .text               cjson.o
    0x080066a8   0x080066a8   0x0000005e   Code   RO          575    .text               c_w.l(h1_alloc.o)
    0x08006706   0x08006706   0x0000004e   Code   RO          577    .text               c_w.l(h1_free.o)
    0x08006754   0x08006754   0x0000001a   Code   RO          633    .text               c_w.l(tolower.o)
    0x0800676e   0x0800676e   0x00000002   PAD
    0x08006770   0x08006770   0x00000034   Code   RO          635    .text               c_w.l(c89vsnprintf.o)
    0x080067a4   0x080067a4   0x0000002c   Code   RO          637    .text               c_w.l(__2sprintf.o)
    0x080067d0   0x080067d0   0x0000004e   Code   RO          643    .text               c_w.l(_printf_pad.o)
    0x0800681e   0x0800681e   0x00000052   Code   RO          645    .text               c_w.l(_printf_str.o)
    0x08006870   0x08006870   0x00000078   Code   RO          647    .text               c_w.l(_printf_dec.o)
    0x080068e8   0x080068e8   0x00000094   Code   RO          667    .text               c_w.l(_printf_hex_int_ll_ptr.o)
    0x0800697c   0x0800697c   0x00000188   Code   RO          687    .text               c_w.l(__printf_flags_ss_wp.o)
    0x08006b04   0x08006b04   0x0000001a   Code   RO          696    .text               c_w.l(atoi.o)
    0x08006b1e   0x08006b1e   0x00000014   Code   RO          698    .text               c_w.l(strchr.o)
    0x08006b32   0x08006b32   0x00000024   Code   RO          700    .text               c_w.l(strncat.o)
    0x08006b56   0x08006b56   0x00000024   Code   RO          702    .text               c_w.l(strstr.o)
    0x08006b7a   0x08006b7a   0x00000048   Code   RO          704    .text               c_w.l(strcpy.o)
    0x08006bc2   0x08006bc2   0x0000003e   Code   RO          706    .text               c_w.l(strlen.o)
    0x08006c00   0x08006c00   0x00000096   Code   RO          708    .text               c_w.l(strncmp.o)
    0x08006c96   0x08006c96   0x0000008a   Code   RO          710    .text               c_w.l(rt_memcpy_v6.o)
    0x08006d20   0x08006d20   0x00000064   Code   RO          712    .text               c_w.l(rt_memcpy_w.o)
    0x08006d84   0x08006d84   0x00000044   Code   RO          714    .text               c_w.l(rt_memclr.o)
    0x08006dc8   0x08006dc8   0x0000004e   Code   RO          716    .text               c_w.l(rt_memclr_w.o)
    0x08006e16   0x08006e16   0x00000006   Code   RO          718    .text               c_w.l(heapauxi.o)
    0x08006e1c   0x08006e1c   0x00000010   Code   RO          781    .text               c_w.l(rt_ctype_table.o)
    0x08006e2c   0x08006e2c   0x00000008   Code   RO          786    .text               c_w.l(rt_heap_descriptor_intlibspace.o)
    0x08006e34   0x08006e34   0x00000008   Code   RO          791    .text               c_w.l(rt_errno_addr_intlibspace.o)
    0x08006e3c   0x08006e3c   0x00000004   Code   RO          793    .text               c_w.l(hguard.o)
    0x08006e40   0x08006e40   0x0000008a   Code   RO          795    .text               c_w.l(init_alloc.o)
    0x08006eca   0x08006eca   0x0000000e   Code   RO          799    .text               c_w.l(h1_init.o)
    0x08006ed8   0x08006ed8   0x00000016   Code   RO          813    .text               c_w.l(_rserrno.o)
    0x08006eee   0x08006eee   0x00000024   Code   RO          815    .text               c_w.l(_printf_truncate.o)
    0x08006f12   0x08006f12   0x000000b2   Code   RO          817    .text               c_w.l(_printf_intcommon.o)
    0x08006fc4   0x08006fc4   0x00000028   Code   RO          819    .text               c_w.l(_printf_charcount.o)
    0x08006fec   0x08006fec   0x0000041a   Code   RO          821    .text               c_w.l(_printf_fp_dec.o)
    0x08007406   0x08007406   0x00000002   PAD
    0x08007408   0x08007408   0x00000030   Code   RO          823    .text               c_w.l(_printf_char_common.o)
    0x08007438   0x08007438   0x0000000a   Code   RO          825    .text               c_w.l(_sputc.o)
    0x08007442   0x08007442   0x00000010   Code   RO          827    .text               c_w.l(_snputc.o)
    0x08007452   0x08007452   0x0000002c   Code   RO          829    .text               c_w.l(_printf_char.o)
    0x0800747e   0x0800747e   0x00000002   PAD
    0x08007480   0x08007480   0x000000bc   Code   RO          831    .text               c_w.l(_printf_wctomb.o)
    0x0800753c   0x0800753c   0x0000007c   Code   RO          834    .text               c_w.l(_printf_longlong_dec.o)
    0x080075b8   0x080075b8   0x00000070   Code   RO          840    .text               c_w.l(_printf_oct_int_ll.o)
    0x08007628   0x08007628   0x00000070   Code   RO          860    .text               c_w.l(strtol.o)
    0x08007698   0x08007698   0x00000008   Code   RO          957    .text               c_w.l(libspace.o)
    0x080076a0   0x080076a0   0x00000008   Code   RO          978    .text               c_w.l(rt_locale_intlibspace.o)
    0x080076a8   0x080076a8   0x00000034   Code   RO          984    .text               c_w.l(h1_extend.o)
    0x080076dc   0x080076dc   0x0000008a   Code   RO          988    .text               c_w.l(lludiv10.o)
    0x08007766   0x08007766   0x00000002   PAD
    0x08007768   0x08007768   0x00000080   Code   RO          990    .text               c_w.l(_printf_fp_infnan.o)
    0x080077e8   0x080077e8   0x0000002c   Code   RO          994    .text               c_w.l(_printf_wchar.o)
    0x08007814   0x08007814   0x0000009e   Code   RO          996    .text               c_w.l(_strtoul.o)
    0x080078b2   0x080078b2   0x00000002   PAD
    0x080078b4   0x080078b4   0x000000dc   Code   RO          998    .text               c_w.l(bigflt0.o)
    0x08007990   0x08007990   0x00000040   Code   RO         1023    .text               c_w.l(_wcrtomb.o)
    0x080079d0   0x080079d0   0x0000000e   Code   RO         1031    .text               c_w.l(defsig_rtmem_outer.o)
    0x080079de   0x080079de   0x00000002   Code   RO         1048    .text               c_w.l(use_no_semi.o)
    0x080079e0   0x080079e0   0x00000000   Code   RO         1050    .text               c_w.l(indicate_semi.o)
    0x080079e0   0x080079e0   0x0000004a   Code   RO         1051    .text               c_w.l(sys_stackheap_outer.o)
    0x08007a2a   0x08007a2a   0x0000001c   Code   RO         1057    .text               c_w.l(_chval.o)
    0x08007a46   0x08007a46   0x00000012   Code   RO         1059    .text               c_w.l(exit.o)
    0x08007a58   0x08007a58   0x0000000a   Code   RO         1061    .text               c_w.l(defsig_exit.o)
    0x08007a62   0x08007a62   0x00000002   PAD
    0x08007a64   0x08007a64   0x00000050   Code   RO         1063    .text               c_w.l(defsig_rtmem_inner.o)
    0x08007ab4   0x08007ab4   0x00000080   Code   RO         1065    .text               c_w.l(strcmpv7m.o)
    0x08007b34   0x08007b34   0x0000000c   Code   RO         1079    .text               c_w.l(sys_exit.o)
    0x08007b40   0x08007b40   0x00000032   Code   RO         1089    .text               c_w.l(defsig_general.o)
    0x08007b72   0x08007b72   0x0000000e   Code   RO         1109    .text               c_w.l(sys_wrch.o)
    0x08007b80   0x08007b80   0x0000003e   Code   RO         1001    CL$$btod_d2e        c_w.l(btod.o)
    0x08007bbe   0x08007bbe   0x00000046   Code   RO         1003    CL$$btod_d2e_denorm_low  c_w.l(btod.o)
    0x08007c04   0x08007c04   0x00000060   Code   RO         1002    CL$$btod_d2e_norm_op1  c_w.l(btod.o)
    0x08007c64   0x08007c64   0x00000338   Code   RO         1011    CL$$btod_div_common  c_w.l(btod.o)
    0x08007f9c   0x08007f9c   0x000000c6   Code   RO         1008    CL$$btod_e2e        c_w.l(btod.o)
    0x08008062   0x08008062   0x00000028   Code   RO         1005    CL$$btod_ediv       c_w.l(btod.o)
    0x0800808a   0x0800808a   0x00000028   Code   RO         1004    CL$$btod_emul       c_w.l(btod.o)
    0x080080b2   0x080080b2   0x00000244   Code   RO         1010    CL$$btod_mult_common  c_w.l(btod.o)
    0x080082f6   0x080082f6   0x00000028   Code   RO          942    i.__ARM_fpclassify  m_ws.l(fpclassify.o)
    0x0800831e   0x0800831e   0x000000aa   Code   RO          944    i.__kernel_poly     m_ws.l(poly.o)
    0x080083c8   0x080083c8   0x00000010   Code   RO          928    i.__mathlib_dbl_divzero  m_ws.l(dunder.o)
    0x080083d8   0x080083d8   0x00000004   Code   RO          930    i.__mathlib_dbl_infnan2  m_ws.l(dunder.o)
    0x080083dc   0x080083dc   0x0000000c   Code   RO          931    i.__mathlib_dbl_invalid  m_ws.l(dunder.o)
    0x080083e8   0x080083e8   0x0000000e   Code   RO          932    i.__mathlib_dbl_overflow  m_ws.l(dunder.o)
    0x080083f6   0x080083f6   0x00000002   PAD
    0x080083f8   0x080083f8   0x00000010   Code   RO          934    i.__mathlib_dbl_underflow  m_ws.l(dunder.o)
    0x08008408   0x08008408   0x0000000e   Code   RO          680    i._is_digit         c_w.l(__printf_wp.o)
    0x08008416   0x08008416   0x00000002   PAD
    0x08008418   0x08008418   0x000000dc   Code   RO          765    i.floor             m_ws.l(floor.o)
    0x080084f4   0x080084f4   0x000009d8   Code   RO          769    i.pow               m_ws.l(pow.o)
    0x08008ecc   0x08008ecc   0x0000004c   Code   RO          948    i.sqrt              m_ws.l(sqrt.o)
    0x08008f18   0x08008f18   0x0000002c   Code   RO         1026    locale$$code        c_w.l(lc_ctype_c.o)
    0x08008f44   0x08008f44   0x0000002c   Code   RO         1029    locale$$code        c_w.l(lc_numeric_c.o)
    0x08008f70   0x08008f70   0x00000150   Code   RO          722    x$fpl$dadd          fz_ws.l(daddsub_clz.o)
    0x080090c0   0x080090c0   0x00000010   Code   RO         1040    x$fpl$dcheck1       fz_ws.l(dcheck1.o)
    0x080090d0   0x080090d0   0x00000018   Code   RO          909    x$fpl$dcmpinf       fz_ws.l(dcmpi.o)
    0x080090e8   0x080090e8   0x000002b0   Code   RO          912    x$fpl$ddiv          fz_ws.l(ddiv.o)
    0x08009398   0x08009398   0x00000078   Code   RO          728    x$fpl$deqf          fz_ws.l(deqf.o)
    0x08009410   0x08009410   0x0000005e   Code   RO          730    x$fpl$dfix          fz_ws.l(dfix.o)
    0x0800946e   0x0800946e   0x0000002e   Code   RO          735    x$fpl$dflt          fz_ws.l(dflt_clz.o)
    0x0800949c   0x0800949c   0x00000078   Code   RO          740    x$fpl$dleqf         fz_ws.l(dleqf.o)
    0x08009514   0x08009514   0x00000154   Code   RO          742    x$fpl$dmul          fz_ws.l(dmul.o)
    0x08009668   0x08009668   0x0000009c   Code   RO          915    x$fpl$dnaninf       fz_ws.l(dnaninf.o)
    0x08009704   0x08009704   0x0000000c   Code   RO          917    x$fpl$dretinf       fz_ws.l(dretinf.o)
    0x08009710   0x08009710   0x0000006c   Code   RO          744    x$fpl$drleqf        fz_ws.l(drleqf.o)
    0x0800977c   0x0800977c   0x00000016   Code   RO          723    x$fpl$drsb          fz_ws.l(daddsub_clz.o)
    0x08009792   0x08009792   0x00000002   PAD
    0x08009794   0x08009794   0x000001cc   Code   RO         1042    x$fpl$dsqrt         fz_ws.l(dsqrt_noumaal.o)
    0x08009960   0x08009960   0x000001d4   Code   RO          724    x$fpl$dsub          fz_ws.l(daddsub_clz.o)
    0x08009b34   0x08009b34   0x00000056   Code   RO          746    x$fpl$f2d           fz_ws.l(f2d.o)
    0x08009b8a   0x08009b8a   0x00000018   Code   RO          919    x$fpl$fcmpinf       fz_ws.l(fcmpi.o)
    0x08009ba2   0x08009ba2   0x00000002   PAD
    0x08009ba4   0x08009ba4   0x00000184   Code   RO          749    x$fpl$fdiv          fz_ws.l(fdiv.o)
    0x08009d28   0x08009d28   0x00000026   Code   RO          752    x$fpl$ffltu         fz_ws.l(fflt_clz.o)
    0x08009d4e   0x08009d4e   0x00000002   PAD
    0x08009d50   0x08009d50   0x00000068   Code   RO          758    x$fpl$fleqf         fz_ws.l(fleqf.o)
    0x08009db8   0x08009db8   0x00000102   Code   RO          760    x$fpl$fmul          fz_ws.l(fmul.o)
    0x08009eba   0x08009eba   0x0000008c   Code   RO          921    x$fpl$fnaninf       fz_ws.l(fnaninf.o)
    0x08009f46   0x08009f46   0x0000000a   Code   RO          923    x$fpl$fretinf       fz_ws.l(fretinf.o)
    0x08009f50   0x08009f50   0x00000004   Code   RO          762    x$fpl$printf1       fz_ws.l(printf1.o)
    0x08009f54   0x08009f54   0x00000064   Code   RO         1077    x$fpl$retnan        fz_ws.l(retnan.o)
    0x08009fb8   0x08009fb8   0x0000005c   Code   RO          925    x$fpl$scalbn        fz_ws.l(scalbn.o)
    0x0800a014   0x0800a014   0x00000030   Code   RO         1107    x$fpl$trapveneer    fz_ws.l(trapv.o)
    0x0800a044   0x0800a044   0x00000000   Code   RO          927    x$fpl$usenofp       fz_ws.l(usenofp.o)
    0x0800a044   0x0800a044   0x00000011   Data   RO            3    .constdata          main.o
    0x0800a055   0x0800a055   0x000017c0   Data   RO          275    .constdata          oled.o
    0x0800b815   0x0800b815   0x00000007   Data   RO          535    .constdata          cjson.o
    0x0800b81c   0x0800b81c   0x00000028   Data   RO          668    .constdata          c_w.l(_printf_hex_int_ll_ptr.o)
    0x0800b844   0x0800b844   0x00000011   Data   RO          688    .constdata          c_w.l(__printf_flags_ss_wp.o)
    0x0800b855   0x0800b855   0x00000003   PAD
    0x0800b858   0x0800b858   0x00000088   Data   RO          770    .constdata          m_ws.l(pow.o)
    0x0800b8e0   0x0800b8e0   0x00000008   Data   RO          832    .constdata          c_w.l(_printf_wctomb.o)
    0x0800b8e8   0x0800b8e8   0x00000008   Data   RO          946    .constdata          m_ws.l(qnan.o)
    0x0800b8f0   0x0800b8f0   0x00000094   Data   RO          999    .constdata          c_w.l(bigflt0.o)
    0x0800b984   0x0800b984   0x00000011   Data   RO            4    .conststring        main.o
    0x0800b995   0x0800b995   0x00000003   PAD
    0x0800b998   0x0800b998   0x00000020   Data   RO         1139    Region$$Table       anon$$obj.o
    0x0800b9b8   0x0800b9b8   0x00000110   Data   RO         1025    locale$$data        c_w.l(lc_ctype_c.o)
    0x0800bac8   0x0800bac8   0x0000001c   Data   RO         1028    locale$$data        c_w.l(lc_numeric_c.o)


    Execution Region RW_IRAM1 (Exec base: 0x20000000, Load base: 0x0800bae4, Size: 0x00000cc8, Max: 0x00005000, ABSOLUTE)

    Exec Addr    Load Addr    Size         Type   Attr      Idx    E Section Name        Object

    0x20000000   0x0800bae4   0x00000010   Data   RW            5    .data               main.o
    0x20000010   0x0800baf4   0x00000014   Data   RW          195    .data               system_stm32f10x.o
    0x20000024   0x0800bb08   0x00000001   Data   RW          261    .data               key.o
    0x20000025   0x0800bb09   0x00000001   PAD
    0x20000026   0x0800bb0a   0x00000004   Data   RW          294    .data               delay.o
    0x2000002a   0x0800bb0e   0x00000014   Data   RW          405    .data               stm32f10x_rcc.o
    0x2000003e   0x0800bb22   0x00000004   Data   RW          468    .data               esp8266.o
    0x20000042   0x0800bb26   0x00000002   Data   RW          515    .data               onenet.o
    0x20000044   0x0800bb28   0x0000000c   Data   RW          536    .data               cjson.o
    0x20000050        -       0x00000100   Zero   RW            2    .bss                main.o
    0x20000150        -       0x00000480   Zero   RW          274    .bss                oled.o
    0x200005d0        -       0x00000014   Zero   RW          347    .bss                timer.o
    0x200005e4        -       0x00000080   Zero   RW          467    .bss                esp8266.o
    0x20000664        -       0x00000060   Zero   RW          958    .bss                c_w.l(libspace.o)
    0x200006c4   0x0800bb34   0x00000004   PAD
    0x200006c8        -       0x00000200   Zero   RW          386    HEAP                startup_stm32f10x_hd.o
    0x200008c8        -       0x00000400   Zero   RW          385    STACK               startup_stm32f10x_hd.o


==============================================================================

Image component sizes


      Code (inc. data)   RO Data    RW Data    ZI Data      Debug   Object Name

        52          6          0          0          0        452   beep.o
       632         10          0          0          0       3156   bh1750.o
      6784        208          7         12          0      24116   cjson.o
       212         18          0          4          0        971   delay.o
       440         14          0          0          0       2194   dht11.o
       908        322          0          4        128       3039   esp8266.o
       244         16          0          0          0        843   exti.o
       156         12          0          1          0        760   key.o
        80         10          0          0          0        463   led.o
       624        186         34         16        256     255341   main.o
       220         22          0          0          0       1729   misc.o
      3580         42          0          0          0      15091   mqttkit.o
      1636         28       6080          0       1152       6888   oled.o
      1794        886          0          2          0       5873   onenet.o
        64         26        304          0       1536        764   startup_stm32f10x_hd.o
       284         10          0          0          0       2183   stm32f10x_exti.o
       860         38          0          0          0       5661   stm32f10x_gpio.o
        26          0          0          0          0       1146   stm32f10x_it.o
       932         36          0         20          0       8804   stm32f10x_rcc.o
      3610         88          0          0          0      22768   stm32f10x_tim.o
      1032         22          0          0          0       8388   stm32f10x_usart.o
         0          0          0          0          0         32   sys.o
       480         38          0         20          0       1635   system_stm32f10x.o
       496        100          0          0         20       2060   timer.o
       488         14          0          0          0       3309   usart.o

    ----------------------------------------------------------------------
     25640       2152       6460         80       3092     377666   Object Totals
         0          0         32          0          0          0   (incl. Generated)
         6          0          3          1          0          0   (incl. Padding)

    ----------------------------------------------------------------------

      Code (inc. data)   RO Data    RW Data    ZI Data      Debug   Library Member Name

        44          6          0          0          0         84   __2sprintf.o
         8          0          0          0          0         68   __main.o
       392          4         17          0          0         92   __printf_flags_ss_wp.o
        14          0          0          0          0         68   __printf_wp.o
         0          0          0          0          0          0   __rtentry.o
        12          0          0          0          0          0   __rtentry2.o
         6          0          0          0          0          0   __rtentry4.o
        52          8          0          0          0          0   __scatter.o
        26          0          0          0          0          0   __scatter_copy.o
        28          0          0          0          0          0   __scatter_zi.o
        28          0          0          0          0         68   _chval.o
         6          0          0          0          0          0   _printf_a.o
         6          0          0          0          0          0   _printf_c.o
        44          0          0          0          0        108   _printf_char.o
        48          6          0          0          0         96   _printf_char_common.o
        40          0          0          0          0         68   _printf_charcount.o
         6          0          0          0          0          0   _printf_d.o
       120         16          0          0          0         92   _printf_dec.o
         6          0          0          0          0          0   _printf_e.o
         6          0          0          0          0          0   _printf_f.o
      1050          0          0          0          0        216   _printf_fp_dec.o
       128         16          0          0          0         84   _printf_fp_infnan.o
         6          0          0          0          0          0   _printf_g.o
       148          4         40          0          0        160   _printf_hex_int_ll_ptr.o
         6          0          0          0          0          0   _printf_i.o
       178          0          0          0          0         88   _printf_intcommon.o
        10          0          0          0          0          0   _printf_l.o
         6          0          0          0          0          0   _printf_lc.o
        10          0          0          0          0          0   _printf_ll.o
         6          0          0          0          0          0   _printf_lld.o
         6          0          0          0          0          0   _printf_lli.o
         6          0          0          0          0          0   _printf_llo.o
         6          0          0          0          0          0   _printf_llu.o
         6          0          0          0          0          0   _printf_llx.o
       124         16          0          0          0         92   _printf_longlong_dec.o
         6          0          0          0          0          0   _printf_ls.o
         6          0          0          0          0          0   _printf_n.o
         6          0          0          0          0          0   _printf_o.o
       112          8          0          0          0        124   _printf_oct_int_ll.o
         6          0          0          0          0          0   _printf_p.o
        78          0          0          0          0        108   _printf_pad.o
         0          0          0          0          0          0   _printf_percent.o
         4          0          0          0          0          0   _printf_percent_end.o
         6          0          0          0          0          0   _printf_s.o
        82          0          0          0          0         80   _printf_str.o
        36          0          0          0          0         84   _printf_truncate.o
         6          0          0          0          0          0   _printf_u.o
        44          0          0          0          0        108   _printf_wchar.o
       188          6          8          0          0         92   _printf_wctomb.o
         6          0          0          0          0          0   _printf_x.o
        22          0          0          0          0        100   _rserrno.o
        16          0          0          0          0         68   _snputc.o
        10          0          0          0          0         68   _sputc.o
       158          0          0          0          0         92   _strtoul.o
        64          0          0          0          0         92   _wcrtomb.o
        26          0          0          0          0         80   atoi.o
       220          4        148          0          0         96   bigflt0.o
      1910        128          0          0          0        672   btod.o
        52          4          0          0          0         80   c89vsnprintf.o
        10          0          0          0          0         68   defsig_exit.o
        50          0          0          0          0         88   defsig_general.o
        80         58          0          0          0         76   defsig_rtmem_inner.o
        14          0          0          0          0         80   defsig_rtmem_outer.o
        18          0          0          0          0         80   exit.o
        94          0          0          0          0         80   h1_alloc.o
        52          0          0          0          0         68   h1_extend.o
        78          0          0          0          0         80   h1_free.o
        14          0          0          0          0         84   h1_init.o
         6          0          0          0          0        152   heapauxi.o
         4          0          0          0          0        136   hguard.o
         0          0          0          0          0          0   indicate_semi.o
       138          0          0          0          0        168   init_alloc.o
        44         10        272          0          0         76   lc_ctype_c.o
        44         10         28          0          0         76   lc_numeric_c.o
         2          0          0          0          0          0   libinit.o
        38          0          0          0          0          0   libinit2.o
         2          0          0          0          0          0   libshutdown.o
         2          0          0          0          0          0   libshutdown2.o
         8          4          0          0         96         68   libspace.o
       138          0          0          0          0         80   lludiv10.o
         0          0          0          0          0          0   maybetermalloc1.o
        16          4          0          0          0         76   rt_ctype_table.o
         8          4          0          0          0         68   rt_errno_addr_intlibspace.o
         8          4          0          0          0         68   rt_heap_descriptor_intlibspace.o
         8          4          0          0          0         68   rt_locale_intlibspace.o
        68          0          0          0          0         68   rt_memclr.o
        78          0          0          0          0         80   rt_memclr_w.o
       138          0          0          0          0         68   rt_memcpy_v6.o
       100          0          0          0          0         80   rt_memcpy_w.o
         2          0          0          0          0          0   rtexit.o
        10          0          0          0          0          0   rtexit2.o
        20          0          0          0          0         68   strchr.o
       128          0          0          0          0         68   strcmpv7m.o
        72          0          0          0          0         80   strcpy.o
        62          0          0          0          0         76   strlen.o
        36          0          0          0          0         76   strncat.o
       150          0          0          0          0         80   strncmp.o
        36          0          0          0          0         80   strstr.o
       112          0          0          0          0         88   strtol.o
        12          4          0          0          0         68   sys_exit.o
        74          0          0          0          0         80   sys_stackheap_outer.o
        14          0          0          0          0         76   sys_wrch.o
        26          0          0          0          0         76   tolower.o
         2          0          0          0          0         68   use_no_semi.o
       826         16          0          0          0        348   daddsub_clz.o
        16          4          0          0          0         68   dcheck1.o
        24          0          0          0          0         68   dcmpi.o
       688        140          0          0          0        208   ddiv.o
       120          4          0          0          0         92   deqf.o
        94          4          0          0          0         92   dfix.o
        46          0          0          0          0         68   dflt_clz.o
       120          4          0          0          0         92   dleqf.o
       340         12          0          0          0        104   dmul.o
       156          4          0          0          0         92   dnaninf.o
        12          0          0          0          0         68   dretinf.o
       108          0          0          0          0         80   drleqf.o
       460         56          0          0          0        120   dsqrt_noumaal.o
        86          4          0          0          0         84   f2d.o
        24          0          0          0          0         68   fcmpi.o
       388         76          0          0          0         96   fdiv.o
        38          0          0          0          0         68   fflt_clz.o
       104          4          0          0          0         84   fleqf.o
       258          4          0          0          0         84   fmul.o
       140          4          0          0          0         84   fnaninf.o
        10          0          0          0          0         68   fretinf.o
         4          0          0          0          0         68   printf1.o
       100          0          0          0          0         68   retnan.o
        92          0          0          0          0         68   scalbn.o
        48          0          0          0          0         68   trapv.o
         0          0          0          0          0          0   usenofp.o
        62         10          0          0          0        340   dunder.o
       220         16          0          0          0         84   floor.o
        40          0          0          0          0         68   fpclassify.o
       170          0          0          0          0         96   poly.o
      2520        190        136          0          0        324   pow.o
         0          0          8          0          0          0   qnan.o
        76          0          0          0          0         84   sqrt.o

    ----------------------------------------------------------------------
     15084        880        660          0        100       9752   Library Totals
        26          0          3          0          4          0   (incl. Padding)

    ----------------------------------------------------------------------

      Code (inc. data)   RO Data    RW Data    ZI Data      Debug   Library Name

      7668        328        513          0         96       6348   c_w.l
      4302        336          0          0          0       2408   fz_ws.l
      3088        216        144          0          0        996   m_ws.l

    ----------------------------------------------------------------------
     15084        880        660          0        100       9752   Library Totals

    ----------------------------------------------------------------------

==============================================================================


      Code (inc. data)   RO Data    RW Data    ZI Data      Debug   

     40724       3032       7120         80       3192     379978   Grand Totals
     40724       3032       7120         80       3192     379978   ELF Image Totals
     40724       3032       7120         80          0          0   ROM Totals

==============================================================================

    Total RO  Size (Code + RO Data)                47844 (  46.72kB)
    Total RW  Size (RW Data + ZI Data)              3272 (   3.20kB)
    Total ROM Size (Code + RO Data + RW Data)      47924 (  46.80kB)

==============================================================================

